INFO: [VRFC 10-2263] Analyzing Verilog file "C:/Users/thoch/fpga/lab3_new/lab3_new.sim/sim_1/impl/func/xsim/axi_bram_bd_wrapper_func_impl.v" into library xil_defaultlib
INFO: [VRFC 10-311] analyzing module axi_bram_bd
INFO: [VRFC 10-311] analyzing module axi_bram_bd_axi_bram_ctrl_0_0
INFO: [VRFC 10-311] analyzing module axi_bram_bd_axi_bram_ctrl_0_0_axi_bram_ctrl
INFO: [VRFC 10-311] analyzing module axi_bram_bd_axi_bram_ctrl_0_0_axi_bram_ctrl_top
INFO: [VRFC 10-311] analyzing module axi_bram_bd_axi_bram_ctrl_0_0_full_axi
INFO: [VRFC 10-311] analyzing module axi_bram_bd_axi_bram_ctrl_0_0_rd_chnl
INFO: [VRFC 10-311] analyzing module axi_bram_bd_axi_bram_ctrl_0_0_sng_port_arb
INFO: [VRFC 10-311] analyzing module axi_bram_bd_axi_bram_ctrl_0_0_wr_chnl
INFO: [VRFC 10-311] analyzing module axi_bram_bd_axi_bram_ctrl_0_0_wrap_brst
INFO: [VRFC 10-311] analyzing module axi_bram_bd_axi_bram_ctrl_0_0_wrap_brst_0
INFO: [VRFC 10-311] analyzing module axi_bram_bd_axi_gpio_0_0
INFO: [VRFC 10-311] analyzing module axi_bram_bd_axi_gpio_0_0_GPIO_Core
INFO: [VRFC 10-311] analyzing module axi_bram_bd_axi_gpio_0_0_address_decoder
INFO: [VRFC 10-311] analyzing module axi_bram_bd_axi_gpio_0_0_axi_gpio
INFO: [VRFC 10-311] analyzing module axi_bram_bd_axi_gpio_0_0_axi_lite_ipif
INFO: [VRFC 10-311] analyzing module axi_bram_bd_axi_gpio_0_0_pselect_f
INFO: [VRFC 10-311] analyzing module axi_bram_bd_axi_gpio_0_0_pselect_f__parameterized1
INFO: [VRFC 10-311] analyzing module axi_bram_bd_axi_gpio_0_0_slave_attachment
INFO: [VRFC 10-311] analyzing module axi_bram_bd_axi_smc_0
INFO: [VRFC 10-311] analyzing module axi_bram_bd_axi_smc_0_bd_94a3
INFO: [VRFC 10-311] analyzing module axi_bram_bd_axi_smc_0_bd_94a3_arsw_0
INFO: [VRFC 10-311] analyzing module axi_bram_bd_axi_smc_0_bd_94a3_awsw_0
INFO: [VRFC 10-311] analyzing module axi_bram_bd_axi_smc_0_bd_94a3_bsw_0
INFO: [VRFC 10-311] analyzing module axi_bram_bd_axi_smc_0_bd_94a3_m00arn_0
INFO: [VRFC 10-311] analyzing module axi_bram_bd_axi_smc_0_bd_94a3_m00awn_0
INFO: [VRFC 10-311] analyzing module axi_bram_bd_axi_smc_0_bd_94a3_m00bn_0
INFO: [VRFC 10-311] analyzing module axi_bram_bd_axi_smc_0_bd_94a3_m00e_0
INFO: [VRFC 10-311] analyzing module axi_bram_bd_axi_smc_0_bd_94a3_m00rn_0
INFO: [VRFC 10-311] analyzing module axi_bram_bd_axi_smc_0_bd_94a3_m00s2a_0
INFO: [VRFC 10-311] analyzing module axi_bram_bd_axi_smc_0_bd_94a3_m00wn_0
INFO: [VRFC 10-311] analyzing module axi_bram_bd_axi_smc_0_bd_94a3_m01arn_0
INFO: [VRFC 10-311] analyzing module axi_bram_bd_axi_smc_0_bd_94a3_m01awn_0
INFO: [VRFC 10-311] analyzing module axi_bram_bd_axi_smc_0_bd_94a3_m01bn_0
INFO: [VRFC 10-311] analyzing module axi_bram_bd_axi_smc_0_bd_94a3_m01e_0
INFO: [VRFC 10-311] analyzing module axi_bram_bd_axi_smc_0_bd_94a3_m01rn_0
INFO: [VRFC 10-311] analyzing module axi_bram_bd_axi_smc_0_bd_94a3_m01s2a_0
INFO: [VRFC 10-311] analyzing module axi_bram_bd_axi_smc_0_bd_94a3_m01wn_0
INFO: [VRFC 10-311] analyzing module axi_bram_bd_axi_smc_0_bd_94a3_psr_aclk_0
INFO: [VRFC 10-311] analyzing module axi_bram_bd_axi_smc_0_bd_94a3_rsw_0
INFO: [VRFC 10-311] analyzing module axi_bram_bd_axi_smc_0_bd_94a3_s00a2s_0
INFO: [VRFC 10-311] analyzing module axi_bram_bd_axi_smc_0_bd_94a3_s00mmu_0
INFO: [VRFC 10-311] analyzing module axi_bram_bd_axi_smc_0_bd_94a3_s00sic_0
INFO: [VRFC 10-311] analyzing module axi_bram_bd_axi_smc_0_bd_94a3_s00tr_0
INFO: [VRFC 10-311] analyzing module axi_bram_bd_axi_smc_0_bd_94a3_sarn_0
INFO: [VRFC 10-311] analyzing module axi_bram_bd_axi_smc_0_bd_94a3_sawn_0
INFO: [VRFC 10-311] analyzing module axi_bram_bd_axi_smc_0_bd_94a3_sbn_0
INFO: [VRFC 10-311] analyzing module axi_bram_bd_axi_smc_0_bd_94a3_srn_0
INFO: [VRFC 10-311] analyzing module axi_bram_bd_axi_smc_0_bd_94a3_swn_0
INFO: [VRFC 10-311] analyzing module axi_bram_bd_axi_smc_0_bd_94a3_wsw_0
INFO: [VRFC 10-311] analyzing module axi_bram_bd_axi_smc_0_cdc_sync
INFO: [VRFC 10-311] analyzing module axi_bram_bd_axi_smc_0_clk_map_imp_JMW25P
INFO: [VRFC 10-311] analyzing module axi_bram_bd_axi_smc_0_lpf
INFO: [VRFC 10-311] analyzing module axi_bram_bd_axi_smc_0_m00_exit_pipeline_imp_1GU2JW6
INFO: [VRFC 10-311] analyzing module axi_bram_bd_axi_smc_0_m00_nodes_imp_1U508WQ
INFO: [VRFC 10-311] analyzing module axi_bram_bd_axi_smc_0_m01_exit_pipeline_imp_1AYQCJA
INFO: [VRFC 10-311] analyzing module axi_bram_bd_axi_smc_0_m01_nodes_imp_VZVRE4
INFO: [VRFC 10-311] analyzing module axi_bram_bd_axi_smc_0_proc_sys_reset
INFO: [VRFC 10-311] analyzing module axi_bram_bd_axi_smc_0_s00_entry_pipeline_imp_GZW3ZP
INFO: [VRFC 10-311] analyzing module axi_bram_bd_axi_smc_0_s00_nodes_imp_BDCS33
INFO: [VRFC 10-311] analyzing module axi_bram_bd_axi_smc_0_sequence_psr
INFO: [VRFC 10-311] analyzing module axi_bram_bd_axi_smc_0_switchboards_imp_ILQVJV
INFO: [VRFC 10-311] analyzing module axi_bram_bd_axi_smc_0_upcnt_n
INFO: [VRFC 10-311] analyzing module axi_bram_bd_axi_smc_0_xpm_cdc_async_rst__10
INFO: [VRFC 10-311] analyzing module axi_bram_bd_axi_smc_0_xpm_cdc_async_rst__11
INFO: [VRFC 10-311] analyzing module axi_bram_bd_axi_smc_0_xpm_cdc_async_rst__13
INFO: [VRFC 10-311] analyzing module axi_bram_bd_axi_smc_0_xpm_cdc_async_rst__15
INFO: [VRFC 10-311] analyzing module axi_bram_bd_axi_smc_0_xpm_cdc_async_rst__17
INFO: [VRFC 10-311] analyzing module axi_bram_bd_axi_smc_0_xpm_cdc_async_rst__19
INFO: [VRFC 10-311] analyzing module axi_bram_bd_axi_smc_0_xpm_cdc_async_rst__21
INFO: [VRFC 10-311] analyzing module axi_bram_bd_axi_smc_0_xpm_cdc_async_rst__23
INFO: [VRFC 10-311] analyzing module axi_bram_bd_axi_smc_0_xpm_cdc_async_rst__25
INFO: [VRFC 10-311] analyzing module axi_bram_bd_axi_smc_0_xpm_cdc_async_rst__27
INFO: [VRFC 10-311] analyzing module axi_bram_bd_axi_smc_0_xpm_cdc_async_rst__29
INFO: [VRFC 10-311] analyzing module axi_bram_bd_axi_smc_0_xpm_cdc_async_rst__31
INFO: [VRFC 10-311] analyzing module axi_bram_bd_axi_smc_0_xpm_cdc_async_rst__33
INFO: [VRFC 10-311] analyzing module axi_bram_bd_axi_smc_0_xpm_cdc_async_rst__35
INFO: [VRFC 10-311] analyzing module axi_bram_bd_axi_smc_0_xpm_cdc_async_rst__37
INFO: [VRFC 10-311] analyzing module axi_bram_bd_axi_smc_0_xpm_cdc_async_rst__39
INFO: [VRFC 10-311] analyzing module axi_bram_bd_axi_smc_0_xpm_cdc_async_rst__6
INFO: [VRFC 10-311] analyzing module axi_bram_bd_axi_smc_0_xpm_cdc_async_rst__7
INFO: [VRFC 10-311] analyzing module axi_bram_bd_axi_smc_0_xpm_cdc_async_rst__8
INFO: [VRFC 10-311] analyzing module axi_bram_bd_axi_smc_0_xpm_cdc_async_rst__9
INFO: [VRFC 10-311] analyzing module axi_bram_bd_axi_smc_0_xpm_memory_base__parameterized0
INFO: [VRFC 10-311] analyzing module axi_bram_bd_axi_smc_0_xpm_memory_base__parameterized0__4
INFO: [VRFC 10-311] analyzing module axi_bram_bd_axi_smc_0_xpm_memory_base__parameterized0__5
INFO: [VRFC 10-311] analyzing module axi_bram_bd_axi_smc_0_xpm_memory_base__parameterized0__6
INFO: [VRFC 10-311] analyzing module axi_bram_bd_axi_smc_0_xpm_memory_base__parameterized2
INFO: [VRFC 10-311] analyzing module axi_bram_bd_axi_smc_0_xpm_memory_base__parameterized2__2
INFO: [VRFC 10-311] analyzing module axi_bram_bd_axi_smc_0_xpm_memory_base__parameterized3
INFO: [VRFC 10-311] analyzing module axi_bram_bd_axi_smc_0_xpm_memory_base__parameterized3__3
INFO: [VRFC 10-311] analyzing module axi_bram_bd_axi_smc_0_xpm_memory_base__parameterized3__4
INFO: [VRFC 10-311] analyzing module axi_bram_bd_axi_smc_0_xpm_memory_base__parameterized4
INFO: [VRFC 10-311] analyzing module axi_bram_bd_axi_smc_0_xpm_memory_base__parameterized4__3
INFO: [VRFC 10-311] analyzing module axi_bram_bd_axi_smc_0_xpm_memory_base__parameterized4__4
INFO: [VRFC 10-311] analyzing module axi_bram_bd_axi_smc_0_xpm_memory_base__parameterized5
INFO: [VRFC 10-311] analyzing module axi_bram_bd_axi_smc_0_xpm_memory_base__parameterized5__3
INFO: [VRFC 10-311] analyzing module axi_bram_bd_axi_smc_0_xpm_memory_base__parameterized5__4
INFO: [VRFC 10-311] analyzing module axi_bram_bd_axi_smc_0_xpm_memory_base__parameterized6
INFO: [VRFC 10-311] analyzing module axi_bram_bd_axi_smc_0_xpm_memory_base__parameterized6__2
INFO: [VRFC 10-311] analyzing module axi_bram_bd_axi_smc_0_xpm_memory_base__parameterized7
INFO: [VRFC 10-311] analyzing module axi_bram_bd_axi_smc_0_xpm_memory_sdpram__parameterized0
INFO: [VRFC 10-311] analyzing module axi_bram_bd_axi_smc_0_xpm_memory_sdpram__parameterized0__4
INFO: [VRFC 10-311] analyzing module axi_bram_bd_axi_smc_0_xpm_memory_sdpram__parameterized0__5
INFO: [VRFC 10-311] analyzing module axi_bram_bd_axi_smc_0_xpm_memory_sdpram__parameterized0__6
INFO: [VRFC 10-311] analyzing module axi_bram_bd_axi_smc_0_xpm_memory_sdpram__parameterized2
INFO: [VRFC 10-311] analyzing module axi_bram_bd_axi_smc_0_xpm_memory_sdpram__parameterized2__2
INFO: [VRFC 10-311] analyzing module axi_bram_bd_axi_smc_0_xpm_memory_sdpram__parameterized3
INFO: [VRFC 10-311] analyzing module axi_bram_bd_axi_smc_0_xpm_memory_sdpram__parameterized3__3
INFO: [VRFC 10-311] analyzing module axi_bram_bd_axi_smc_0_xpm_memory_sdpram__parameterized3__4
INFO: [VRFC 10-311] analyzing module axi_bram_bd_axi_smc_0_xpm_memory_sdpram__parameterized4
INFO: [VRFC 10-311] analyzing module axi_bram_bd_axi_smc_0_xpm_memory_sdpram__parameterized4__3
INFO: [VRFC 10-311] analyzing module axi_bram_bd_axi_smc_0_xpm_memory_sdpram__parameterized4__4
INFO: [VRFC 10-311] analyzing module axi_bram_bd_axi_smc_0_xpm_memory_sdpram__parameterized5
INFO: [VRFC 10-311] analyzing module axi_bram_bd_axi_smc_0_xpm_memory_sdpram__parameterized5__3
INFO: [VRFC 10-311] analyzing module axi_bram_bd_axi_smc_0_xpm_memory_sdpram__parameterized5__4
INFO: [VRFC 10-311] analyzing module axi_bram_bd_axi_smc_0_xpm_memory_sdpram__parameterized6
INFO: [VRFC 10-311] analyzing module axi_bram_bd_axi_smc_0_xpm_memory_sdpram__parameterized6__2
INFO: [VRFC 10-311] analyzing module axi_bram_bd_axi_smc_0_xpm_memory_sdpram__parameterized7
INFO: [VRFC 10-311] analyzing module axi_bram_bd_blk_mem_gen_0_0
INFO: [VRFC 10-311] analyzing module axi_bram_bd_bram_seq_writer_0_0
INFO: [VRFC 10-311] analyzing module axi_bram_bd_bram_seq_writer_0_0_bram_seq_writer
INFO: [VRFC 10-311] analyzing module axi_bram_bd_proc_sys_reset_0_0
INFO: [VRFC 10-311] analyzing module axi_bram_bd_proc_sys_reset_0_0_cdc_sync
INFO: [VRFC 10-311] analyzing module axi_bram_bd_proc_sys_reset_0_0_cdc_sync_0
INFO: [VRFC 10-311] analyzing module axi_bram_bd_proc_sys_reset_0_0_lpf
INFO: [VRFC 10-311] analyzing module axi_bram_bd_proc_sys_reset_0_0_proc_sys_reset
INFO: [VRFC 10-311] analyzing module axi_bram_bd_proc_sys_reset_0_0_sequence_psr
INFO: [VRFC 10-311] analyzing module axi_bram_bd_proc_sys_reset_0_0_upcnt_n
INFO: [VRFC 10-311] analyzing module axi_bram_bd_processing_system7_0_0
INFO: [VRFC 10-311] analyzing module axi_bram_bd_processing_system7_0_0_processing_system7_v5_5_processing_system7
INFO: [VRFC 10-311] analyzing module axi_bram_bd_wrapper
INFO: [VRFC 10-311] analyzing module axi_bram_bd_axi_smc_0_sc_axi2sc_v1_0_7_top
INFO: [VRFC 10-311] analyzing module axi_bram_bd_axi_smc_0_sc_exit_v1_0_12_axilite_conv
INFO: [VRFC 10-311] analyzing module axi_bram_bd_axi_smc_0_sc_exit_v1_0_12_exit
INFO: [VRFC 10-311] analyzing module axi_bram_bd_axi_smc_0_sc_exit_v1_0_12_exit__parameterized0
INFO: [VRFC 10-311] analyzing module axi_bram_bd_axi_smc_0_sc_exit_v1_0_12_splitter__parameterized0
INFO: [VRFC 10-311] analyzing module axi_bram_bd_axi_smc_0_sc_exit_v1_0_12_top
INFO: [VRFC 10-311] analyzing module axi_bram_bd_axi_smc_0_sc_exit_v1_0_12_top__parameterized0
INFO: [VRFC 10-311] analyzing module axi_bram_bd_axi_smc_0_sc_mmu_v1_0_10_decerr_slave
INFO: [VRFC 10-311] analyzing module axi_bram_bd_axi_smc_0_sc_mmu_v1_0_10_top
INFO: [VRFC 10-311] analyzing module axi_bram_bd_axi_smc_0_sc_node_v1_0_14_arb_alg_rr
INFO: [VRFC 10-311] analyzing module axi_bram_bd_axi_smc_0_sc_node_v1_0_14_arb_alg_rr_13
INFO: [VRFC 10-311] analyzing module axi_bram_bd_axi_smc_0_sc_node_v1_0_14_fifo
INFO: [VRFC 10-311] analyzing module axi_bram_bd_axi_smc_0_sc_node_v1_0_14_fifo__parameterized0
INFO: [VRFC 10-311] analyzing module axi_bram_bd_axi_smc_0_sc_node_v1_0_14_fifo__parameterized0__xdcDup__1
INFO: [VRFC 10-311] analyzing module axi_bram_bd_axi_smc_0_sc_node_v1_0_14_fifo__parameterized0__xdcDup__2
INFO: [VRFC 10-311] analyzing module axi_bram_bd_axi_smc_0_sc_node_v1_0_14_fifo__parameterized0__xdcDup__3
INFO: [VRFC 10-311] analyzing module axi_bram_bd_axi_smc_0_sc_node_v1_0_14_fifo__parameterized1
INFO: [VRFC 10-311] analyzing module axi_bram_bd_axi_smc_0_sc_node_v1_0_14_fifo__parameterized1__xdcDup__1
INFO: [VRFC 10-311] analyzing module axi_bram_bd_axi_smc_0_sc_node_v1_0_14_fifo__parameterized1__xdcDup__2
INFO: [VRFC 10-311] analyzing module axi_bram_bd_axi_smc_0_sc_node_v1_0_14_fifo__parameterized1__xdcDup__3
INFO: [VRFC 10-311] analyzing module axi_bram_bd_axi_smc_0_sc_node_v1_0_14_fifo__parameterized2
INFO: [VRFC 10-311] analyzing module axi_bram_bd_axi_smc_0_sc_node_v1_0_14_fifo__parameterized2__xdcDup__1
INFO: [VRFC 10-311] analyzing module axi_bram_bd_axi_smc_0_sc_node_v1_0_14_fifo__parameterized3
INFO: [VRFC 10-311] analyzing module axi_bram_bd_axi_smc_0_sc_node_v1_0_14_fifo__parameterized3__xdcDup__1
INFO: [VRFC 10-311] analyzing module axi_bram_bd_axi_smc_0_sc_node_v1_0_14_fifo__parameterized3__xdcDup__2
INFO: [VRFC 10-311] analyzing module axi_bram_bd_axi_smc_0_sc_node_v1_0_14_fifo__parameterized4
INFO: [VRFC 10-311] analyzing module axi_bram_bd_axi_smc_0_sc_node_v1_0_14_fifo__parameterized4__xdcDup__1
INFO: [VRFC 10-311] analyzing module axi_bram_bd_axi_smc_0_sc_node_v1_0_14_fifo__parameterized4__xdcDup__2
INFO: [VRFC 10-311] analyzing module axi_bram_bd_axi_smc_0_sc_node_v1_0_14_fifo__parameterized5
INFO: [VRFC 10-311] analyzing module axi_bram_bd_axi_smc_0_sc_node_v1_0_14_fifo__parameterized5__xdcDup__1
INFO: [VRFC 10-311] analyzing module axi_bram_bd_axi_smc_0_sc_node_v1_0_14_fifo__parameterized5__xdcDup__2
INFO: [VRFC 10-311] analyzing module axi_bram_bd_axi_smc_0_sc_node_v1_0_14_fifo__parameterized6
INFO: [VRFC 10-311] analyzing module axi_bram_bd_axi_smc_0_sc_node_v1_0_14_fifo__parameterized6__xdcDup__1
INFO: [VRFC 10-311] analyzing module axi_bram_bd_axi_smc_0_sc_node_v1_0_14_fifo__parameterized7
INFO: [VRFC 10-311] analyzing module axi_bram_bd_axi_smc_0_sc_node_v1_0_14_fifo__xdcDup__1
INFO: [VRFC 10-311] analyzing module axi_bram_bd_axi_smc_0_sc_node_v1_0_14_fifo__xdcDup__2
INFO: [VRFC 10-311] analyzing module axi_bram_bd_axi_smc_0_sc_node_v1_0_14_fifo__xdcDup__3
INFO: [VRFC 10-311] analyzing module axi_bram_bd_axi_smc_0_sc_node_v1_0_14_fifo__xdcDup__4
INFO: [VRFC 10-311] analyzing module axi_bram_bd_axi_smc_0_sc_node_v1_0_14_fifo__xdcDup__5
INFO: [VRFC 10-311] analyzing module axi_bram_bd_axi_smc_0_sc_node_v1_0_14_fifo__xdcDup__6
INFO: [VRFC 10-311] analyzing module axi_bram_bd_axi_smc_0_sc_node_v1_0_14_fifo__xdcDup__7
INFO: [VRFC 10-311] analyzing module axi_bram_bd_axi_smc_0_sc_node_v1_0_14_ingress
INFO: [VRFC 10-311] analyzing module axi_bram_bd_axi_smc_0_sc_node_v1_0_14_ingress_495
INFO: [VRFC 10-311] analyzing module axi_bram_bd_axi_smc_0_sc_node_v1_0_14_ingress__parameterized0
INFO: [VRFC 10-311] analyzing module axi_bram_bd_axi_smc_0_sc_node_v1_0_14_ingress__parameterized0_486
INFO: [VRFC 10-311] analyzing module axi_bram_bd_axi_smc_0_sc_node_v1_0_14_ingress__parameterized3
INFO: [VRFC 10-311] analyzing module axi_bram_bd_axi_smc_0_sc_node_v1_0_14_ingress__parameterized3_461
INFO: [VRFC 10-311] analyzing module axi_bram_bd_axi_smc_0_sc_node_v1_0_14_ingress__parameterized6
INFO: [VRFC 10-311] analyzing module axi_bram_bd_axi_smc_0_sc_node_v1_0_14_ingress__parameterized7
INFO: [VRFC 10-311] analyzing module axi_bram_bd_axi_smc_0_sc_node_v1_0_14_mi_handler
INFO: [VRFC 10-311] analyzing module axi_bram_bd_axi_smc_0_sc_node_v1_0_14_mi_handler__parameterized0
INFO: [VRFC 10-311] analyzing module axi_bram_bd_axi_smc_0_sc_node_v1_0_14_mi_handler__parameterized0__xdcDup__1
INFO: [VRFC 10-311] analyzing module axi_bram_bd_axi_smc_0_sc_node_v1_0_14_mi_handler__parameterized1
INFO: [VRFC 10-311] analyzing module axi_bram_bd_axi_smc_0_sc_node_v1_0_14_mi_handler__parameterized1__xdcDup__1
INFO: [VRFC 10-311] analyzing module axi_bram_bd_axi_smc_0_sc_node_v1_0_14_mi_handler__parameterized2
INFO: [VRFC 10-311] analyzing module axi_bram_bd_axi_smc_0_sc_node_v1_0_14_mi_handler__parameterized2__xdcDup__1
INFO: [VRFC 10-311] analyzing module axi_bram_bd_axi_smc_0_sc_node_v1_0_14_mi_handler__parameterized3
INFO: [VRFC 10-311] analyzing module axi_bram_bd_axi_smc_0_sc_node_v1_0_14_mi_handler__parameterized3__xdcDup__1
INFO: [VRFC 10-311] analyzing module axi_bram_bd_axi_smc_0_sc_node_v1_0_14_mi_handler__parameterized4
INFO: [VRFC 10-311] analyzing module axi_bram_bd_axi_smc_0_sc_node_v1_0_14_mi_handler__parameterized5
INFO: [VRFC 10-311] analyzing module axi_bram_bd_axi_smc_0_sc_node_v1_0_14_mi_handler__parameterized6
INFO: [VRFC 10-311] analyzing module axi_bram_bd_axi_smc_0_sc_node_v1_0_14_mi_handler__parameterized7
INFO: [VRFC 10-311] analyzing module axi_bram_bd_axi_smc_0_sc_node_v1_0_14_mi_handler__parameterized8
INFO: [VRFC 10-311] analyzing module axi_bram_bd_axi_smc_0_sc_node_v1_0_14_mi_handler__xdcDup__1
INFO: [VRFC 10-311] analyzing module axi_bram_bd_axi_smc_0_sc_node_v1_0_14_reg_slice3__parameterized0
INFO: [VRFC 10-311] analyzing module axi_bram_bd_axi_smc_0_sc_node_v1_0_14_reg_slice3__parameterized0_429
INFO: [VRFC 10-311] analyzing module axi_bram_bd_axi_smc_0_sc_node_v1_0_14_reg_slice3__parameterized0_470
INFO: [VRFC 10-311] analyzing module axi_bram_bd_axi_smc_0_sc_node_v1_0_14_reg_slice3__parameterized0_478
INFO: [VRFC 10-311] analyzing module axi_bram_bd_axi_smc_0_sc_node_v1_0_14_reg_slice3__parameterized1
INFO: [VRFC 10-311] analyzing module axi_bram_bd_axi_smc_0_sc_node_v1_0_14_reg_slice3__parameterized1_23
INFO: [VRFC 10-311] analyzing module axi_bram_bd_axi_smc_0_sc_node_v1_0_14_reg_slice3__parameterized1_30
INFO: [VRFC 10-311] analyzing module axi_bram_bd_axi_smc_0_sc_node_v1_0_14_si_handler
INFO: [VRFC 10-311] analyzing module axi_bram_bd_axi_smc_0_sc_node_v1_0_14_si_handler_444
INFO: [VRFC 10-311] analyzing module axi_bram_bd_axi_smc_0_sc_node_v1_0_14_si_handler_494
INFO: [VRFC 10-311] analyzing module axi_bram_bd_axi_smc_0_sc_node_v1_0_14_si_handler__parameterized0
INFO: [VRFC 10-311] analyzing module axi_bram_bd_axi_smc_0_sc_node_v1_0_14_si_handler__parameterized0_436
INFO: [VRFC 10-311] analyzing module axi_bram_bd_axi_smc_0_sc_node_v1_0_14_si_handler__parameterized0_485
INFO: [VRFC 10-311] analyzing module axi_bram_bd_axi_smc_0_sc_node_v1_0_14_si_handler__parameterized1
INFO: [VRFC 10-311] analyzing module axi_bram_bd_axi_smc_0_sc_node_v1_0_14_si_handler__parameterized1_477
INFO: [VRFC 10-311] analyzing module axi_bram_bd_axi_smc_0_sc_node_v1_0_14_si_handler__parameterized2
INFO: [VRFC 10-311] analyzing module axi_bram_bd_axi_smc_0_sc_node_v1_0_14_si_handler__parameterized2_469
INFO: [VRFC 10-311] analyzing module axi_bram_bd_axi_smc_0_sc_node_v1_0_14_si_handler__parameterized3
INFO: [VRFC 10-311] analyzing module axi_bram_bd_axi_smc_0_sc_node_v1_0_14_si_handler__parameterized3_415
INFO: [VRFC 10-311] analyzing module axi_bram_bd_axi_smc_0_sc_node_v1_0_14_si_handler__parameterized3_460
INFO: [VRFC 10-311] analyzing module axi_bram_bd_axi_smc_0_sc_node_v1_0_14_si_handler__parameterized4
INFO: [VRFC 10-311] analyzing module axi_bram_bd_axi_smc_0_sc_node_v1_0_14_si_handler__parameterized5
INFO: [VRFC 10-311] analyzing module axi_bram_bd_axi_smc_0_sc_node_v1_0_14_top
INFO: [VRFC 10-311] analyzing module axi_bram_bd_axi_smc_0_sc_node_v1_0_14_top__parameterized0
INFO: [VRFC 10-311] analyzing module axi_bram_bd_axi_smc_0_sc_node_v1_0_14_top__parameterized0__xdcDup__1
INFO: [VRFC 10-311] analyzing module axi_bram_bd_axi_smc_0_sc_node_v1_0_14_top__parameterized1
INFO: [VRFC 10-311] analyzing module axi_bram_bd_axi_smc_0_sc_node_v1_0_14_top__parameterized1__xdcDup__1
INFO: [VRFC 10-311] analyzing module axi_bram_bd_axi_smc_0_sc_node_v1_0_14_top__parameterized2
INFO: [VRFC 10-311] analyzing module axi_bram_bd_axi_smc_0_sc_node_v1_0_14_top__parameterized2__xdcDup__1
INFO: [VRFC 10-311] analyzing module axi_bram_bd_axi_smc_0_sc_node_v1_0_14_top__parameterized3
INFO: [VRFC 10-311] analyzing module axi_bram_bd_axi_smc_0_sc_node_v1_0_14_top__parameterized3__xdcDup__1
INFO: [VRFC 10-311] analyzing module axi_bram_bd_axi_smc_0_sc_node_v1_0_14_top__parameterized4
INFO: [VRFC 10-311] analyzing module axi_bram_bd_axi_smc_0_sc_node_v1_0_14_top__parameterized5
INFO: [VRFC 10-311] analyzing module axi_bram_bd_axi_smc_0_sc_node_v1_0_14_top__parameterized6
INFO: [VRFC 10-311] analyzing module axi_bram_bd_axi_smc_0_sc_node_v1_0_14_top__parameterized7
INFO: [VRFC 10-311] analyzing module axi_bram_bd_axi_smc_0_sc_node_v1_0_14_top__parameterized8
INFO: [VRFC 10-311] analyzing module axi_bram_bd_axi_smc_0_sc_node_v1_0_14_top__xdcDup__1
INFO: [VRFC 10-311] analyzing module axi_bram_bd_axi_smc_0_sc_sc2axi_v1_0_7_top
INFO: [VRFC 10-311] analyzing module axi_bram_bd_axi_smc_0_sc_sc2axi_v1_0_7_top__parameterized0
INFO: [VRFC 10-311] analyzing module axi_bram_bd_axi_smc_0_sc_si_converter_v1_0_10_arb_alg_rr
INFO: [VRFC 10-311] analyzing module axi_bram_bd_axi_smc_0_sc_si_converter_v1_0_10_offset_fifo
INFO: [VRFC 10-311] analyzing module axi_bram_bd_axi_smc_0_sc_si_converter_v1_0_10_offset_fifo_56
INFO: [VRFC 10-311] analyzing module axi_bram_bd_axi_smc_0_sc_si_converter_v1_0_10_offset_fifo_58
INFO: [VRFC 10-311] analyzing module axi_bram_bd_axi_smc_0_sc_si_converter_v1_0_10_offset_fifo_60
INFO: [VRFC 10-311] analyzing module axi_bram_bd_axi_smc_0_sc_si_converter_v1_0_10_offset_fifo__parameterized0
INFO: [VRFC 10-311] analyzing module axi_bram_bd_axi_smc_0_sc_si_converter_v1_0_10_splitter
INFO: [VRFC 10-311] analyzing module axi_bram_bd_axi_smc_0_sc_si_converter_v1_0_10_top
INFO: [VRFC 10-311] analyzing module axi_bram_bd_axi_smc_0_sc_si_converter_v1_0_10_wrap_narrow
INFO: [VRFC 10-311] analyzing module axi_bram_bd_axi_smc_0_sc_switchboard_v1_0_6_top
INFO: [VRFC 10-311] analyzing module axi_bram_bd_axi_smc_0_sc_switchboard_v1_0_6_top__1
INFO: [VRFC 10-311] analyzing module axi_bram_bd_axi_smc_0_sc_switchboard_v1_0_6_top__parameterized0
INFO: [VRFC 10-311] analyzing module axi_bram_bd_axi_smc_0_sc_switchboard_v1_0_6_top__parameterized1
INFO: [VRFC 10-311] analyzing module axi_bram_bd_axi_smc_0_sc_switchboard_v1_0_6_top__parameterized2
INFO: [VRFC 10-311] analyzing module axi_bram_bd_axi_smc_0_sc_transaction_regulator_v1_0_9_multithread
INFO: [VRFC 10-311] analyzing module axi_bram_bd_axi_smc_0_sc_transaction_regulator_v1_0_9_multithread_37
INFO: [VRFC 10-311] analyzing module axi_bram_bd_axi_smc_0_sc_transaction_regulator_v1_0_9_top
INFO: [VRFC 10-311] analyzing module axi_bram_bd_axi_smc_0_sc_util_v1_0_4_axi_reg_stall
INFO: [VRFC 10-311] analyzing module axi_bram_bd_axi_smc_0_sc_util_v1_0_4_axi_reg_stall_406
INFO: [VRFC 10-311] analyzing module axi_bram_bd_axi_smc_0_sc_util_v1_0_4_axi_reg_stall_407
INFO: [VRFC 10-311] analyzing module axi_bram_bd_axi_smc_0_sc_util_v1_0_4_axi_reg_stall_408
INFO: [VRFC 10-311] analyzing module axi_bram_bd_axi_smc_0_sc_util_v1_0_4_axi_reg_stall_409
INFO: [VRFC 10-311] analyzing module axi_bram_bd_axi_smc_0_sc_util_v1_0_4_axi_reg_stall_410
INFO: [VRFC 10-311] analyzing module axi_bram_bd_axi_smc_0_sc_util_v1_0_4_axi_reg_stall_411
INFO: [VRFC 10-311] analyzing module axi_bram_bd_axi_smc_0_sc_util_v1_0_4_axi_reg_stall_412
INFO: [VRFC 10-311] analyzing module axi_bram_bd_axi_smc_0_sc_util_v1_0_4_axi_reg_stall_43
INFO: [VRFC 10-311] analyzing module axi_bram_bd_axi_smc_0_sc_util_v1_0_4_axi_reg_stall_452
INFO: [VRFC 10-311] analyzing module axi_bram_bd_axi_smc_0_sc_util_v1_0_4_axi_reg_stall_453
INFO: [VRFC 10-311] analyzing module axi_bram_bd_axi_smc_0_sc_util_v1_0_4_axi_reg_stall_454
INFO: [VRFC 10-311] analyzing module axi_bram_bd_axi_smc_0_sc_util_v1_0_4_axi_reg_stall_455
INFO: [VRFC 10-311] analyzing module axi_bram_bd_axi_smc_0_sc_util_v1_0_4_axi_reg_stall_456
INFO: [VRFC 10-311] analyzing module axi_bram_bd_axi_smc_0_sc_util_v1_0_4_axi_reg_stall_503
INFO: [VRFC 10-311] analyzing module axi_bram_bd_axi_smc_0_sc_util_v1_0_4_axi_reg_stall_504
INFO: [VRFC 10-311] analyzing module axi_bram_bd_axi_smc_0_sc_util_v1_0_4_axi_reg_stall_505
INFO: [VRFC 10-311] analyzing module axi_bram_bd_axi_smc_0_sc_util_v1_0_4_axi_reg_stall_506
INFO: [VRFC 10-311] analyzing module axi_bram_bd_axi_smc_0_sc_util_v1_0_4_axi_reg_stall_507
INFO: [VRFC 10-311] analyzing module axi_bram_bd_axi_smc_0_sc_util_v1_0_4_axi_reg_stall_53
INFO: [VRFC 10-311] analyzing module axi_bram_bd_axi_smc_0_sc_util_v1_0_4_axi_reg_stall_54
INFO: [VRFC 10-311] analyzing module axi_bram_bd_axi_smc_0_sc_util_v1_0_4_axi_splitter
INFO: [VRFC 10-311] analyzing module axi_bram_bd_axi_smc_0_sc_util_v1_0_4_axic_reg_srl_fifo
INFO: [VRFC 10-311] analyzing module axi_bram_bd_axi_smc_0_sc_util_v1_0_4_axic_reg_srl_fifo_508
INFO: [VRFC 10-311] analyzing module axi_bram_bd_axi_smc_0_sc_util_v1_0_4_axic_reg_srl_fifo__parameterized0
INFO: [VRFC 10-311] analyzing module axi_bram_bd_axi_smc_0_sc_util_v1_0_4_axic_reg_srl_fifo__parameterized0_509
INFO: [VRFC 10-311] analyzing module axi_bram_bd_axi_smc_0_sc_util_v1_0_4_axic_reg_srl_fifo__parameterized1
INFO: [VRFC 10-311] analyzing module axi_bram_bd_axi_smc_0_sc_util_v1_0_4_axic_reg_srl_fifo__parameterized2
INFO: [VRFC 10-311] analyzing module axi_bram_bd_axi_smc_0_sc_util_v1_0_4_axic_reg_srl_fifo__parameterized3
INFO: [VRFC 10-311] analyzing module axi_bram_bd_axi_smc_0_sc_util_v1_0_4_axic_reg_srl_fifo__parameterized3_55
INFO: [VRFC 10-311] analyzing module axi_bram_bd_axi_smc_0_sc_util_v1_0_4_axic_reg_srl_fifo__parameterized3_57
INFO: [VRFC 10-311] analyzing module axi_bram_bd_axi_smc_0_sc_util_v1_0_4_axic_reg_srl_fifo__parameterized3_59
INFO: [VRFC 10-311] analyzing module axi_bram_bd_axi_smc_0_sc_util_v1_0_4_axic_reg_srl_fifo__parameterized4
INFO: [VRFC 10-311] analyzing module axi_bram_bd_axi_smc_0_sc_util_v1_0_4_axic_reg_srl_fifo__parameterized4_126
INFO: [VRFC 10-311] analyzing module axi_bram_bd_axi_smc_0_sc_util_v1_0_4_axic_reg_srl_fifo__parameterized4_196
INFO: [VRFC 10-311] analyzing module axi_bram_bd_axi_smc_0_sc_util_v1_0_4_axic_reg_srl_fifo__parameterized4_266
INFO: [VRFC 10-311] analyzing module axi_bram_bd_axi_smc_0_sc_util_v1_0_4_axic_reg_srl_fifo__parameterized4_336
INFO: [VRFC 10-311] analyzing module axi_bram_bd_axi_smc_0_sc_util_v1_0_4_axic_reg_srl_fifo__parameterized5
INFO: [VRFC 10-311] analyzing module axi_bram_bd_axi_smc_0_sc_util_v1_0_4_axic_reg_srl_fifo__parameterized6
INFO: [VRFC 10-311] analyzing module axi_bram_bd_axi_smc_0_sc_util_v1_0_4_axic_reg_srl_fifo__parameterized6_42
INFO: [VRFC 10-311] analyzing module axi_bram_bd_axi_smc_0_sc_util_v1_0_4_counter
INFO: [VRFC 10-311] analyzing module axi_bram_bd_axi_smc_0_sc_util_v1_0_4_counter_10
INFO: [VRFC 10-311] analyzing module axi_bram_bd_axi_smc_0_sc_util_v1_0_4_counter_11
INFO: [VRFC 10-311] analyzing module axi_bram_bd_axi_smc_0_sc_util_v1_0_4_counter_17
INFO: [VRFC 10-311] analyzing module axi_bram_bd_axi_smc_0_sc_util_v1_0_4_counter_18
INFO: [VRFC 10-311] analyzing module axi_bram_bd_axi_smc_0_sc_util_v1_0_4_counter_2
INFO: [VRFC 10-311] analyzing module axi_bram_bd_axi_smc_0_sc_util_v1_0_4_counter_20
INFO: [VRFC 10-311] analyzing module axi_bram_bd_axi_smc_0_sc_util_v1_0_4_counter_21
INFO: [VRFC 10-311] analyzing module axi_bram_bd_axi_smc_0_sc_util_v1_0_4_counter_24
INFO: [VRFC 10-311] analyzing module axi_bram_bd_axi_smc_0_sc_util_v1_0_4_counter_25
INFO: [VRFC 10-311] analyzing module axi_bram_bd_axi_smc_0_sc_util_v1_0_4_counter_27
INFO: [VRFC 10-311] analyzing module axi_bram_bd_axi_smc_0_sc_util_v1_0_4_counter_28
INFO: [VRFC 10-311] analyzing module axi_bram_bd_axi_smc_0_sc_util_v1_0_4_counter_3
INFO: [VRFC 10-311] analyzing module axi_bram_bd_axi_smc_0_sc_util_v1_0_4_counter_31
INFO: [VRFC 10-311] analyzing module axi_bram_bd_axi_smc_0_sc_util_v1_0_4_counter_32
INFO: [VRFC 10-311] analyzing module axi_bram_bd_axi_smc_0_sc_util_v1_0_4_counter_34
INFO: [VRFC 10-311] analyzing module axi_bram_bd_axi_smc_0_sc_util_v1_0_4_counter_35
INFO: [VRFC 10-311] analyzing module axi_bram_bd_axi_smc_0_sc_util_v1_0_4_counter_4
INFO: [VRFC 10-311] analyzing module axi_bram_bd_axi_smc_0_sc_util_v1_0_4_counter_417
INFO: [VRFC 10-311] analyzing module axi_bram_bd_axi_smc_0_sc_util_v1_0_4_counter_418
INFO: [VRFC 10-311] analyzing module axi_bram_bd_axi_smc_0_sc_util_v1_0_4_counter_420
INFO: [VRFC 10-311] analyzing module axi_bram_bd_axi_smc_0_sc_util_v1_0_4_counter_421
INFO: [VRFC 10-311] analyzing module axi_bram_bd_axi_smc_0_sc_util_v1_0_4_counter_423
INFO: [VRFC 10-311] analyzing module axi_bram_bd_axi_smc_0_sc_util_v1_0_4_counter_424
INFO: [VRFC 10-311] analyzing module axi_bram_bd_axi_smc_0_sc_util_v1_0_4_counter_426
INFO: [VRFC 10-311] analyzing module axi_bram_bd_axi_smc_0_sc_util_v1_0_4_counter_427
INFO: [VRFC 10-311] analyzing module axi_bram_bd_axi_smc_0_sc_util_v1_0_4_counter_430
INFO: [VRFC 10-311] analyzing module axi_bram_bd_axi_smc_0_sc_util_v1_0_4_counter_431
INFO: [VRFC 10-311] analyzing module axi_bram_bd_axi_smc_0_sc_util_v1_0_4_counter_433
INFO: [VRFC 10-311] analyzing module axi_bram_bd_axi_smc_0_sc_util_v1_0_4_counter_434
INFO: [VRFC 10-311] analyzing module axi_bram_bd_axi_smc_0_sc_util_v1_0_4_counter_438
INFO: [VRFC 10-311] analyzing module axi_bram_bd_axi_smc_0_sc_util_v1_0_4_counter_439
INFO: [VRFC 10-311] analyzing module axi_bram_bd_axi_smc_0_sc_util_v1_0_4_counter_441
INFO: [VRFC 10-311] analyzing module axi_bram_bd_axi_smc_0_sc_util_v1_0_4_counter_442
INFO: [VRFC 10-311] analyzing module axi_bram_bd_axi_smc_0_sc_util_v1_0_4_counter_446
INFO: [VRFC 10-311] analyzing module axi_bram_bd_axi_smc_0_sc_util_v1_0_4_counter_447
INFO: [VRFC 10-311] analyzing module axi_bram_bd_axi_smc_0_sc_util_v1_0_4_counter_449
INFO: [VRFC 10-311] analyzing module axi_bram_bd_axi_smc_0_sc_util_v1_0_4_counter_450
INFO: [VRFC 10-311] analyzing module axi_bram_bd_axi_smc_0_sc_util_v1_0_4_counter_463
INFO: [VRFC 10-311] analyzing module axi_bram_bd_axi_smc_0_sc_util_v1_0_4_counter_464
INFO: [VRFC 10-311] analyzing module axi_bram_bd_axi_smc_0_sc_util_v1_0_4_counter_466
INFO: [VRFC 10-311] analyzing module axi_bram_bd_axi_smc_0_sc_util_v1_0_4_counter_467
INFO: [VRFC 10-311] analyzing module axi_bram_bd_axi_smc_0_sc_util_v1_0_4_counter_471
INFO: [VRFC 10-311] analyzing module axi_bram_bd_axi_smc_0_sc_util_v1_0_4_counter_472
INFO: [VRFC 10-311] analyzing module axi_bram_bd_axi_smc_0_sc_util_v1_0_4_counter_474
INFO: [VRFC 10-311] analyzing module axi_bram_bd_axi_smc_0_sc_util_v1_0_4_counter_475
INFO: [VRFC 10-311] analyzing module axi_bram_bd_axi_smc_0_sc_util_v1_0_4_counter_479
INFO: [VRFC 10-311] analyzing module axi_bram_bd_axi_smc_0_sc_util_v1_0_4_counter_480
INFO: [VRFC 10-311] analyzing module axi_bram_bd_axi_smc_0_sc_util_v1_0_4_counter_482
INFO: [VRFC 10-311] analyzing module axi_bram_bd_axi_smc_0_sc_util_v1_0_4_counter_483
INFO: [VRFC 10-311] analyzing module axi_bram_bd_axi_smc_0_sc_util_v1_0_4_counter_488
INFO: [VRFC 10-311] analyzing module axi_bram_bd_axi_smc_0_sc_util_v1_0_4_counter_489
INFO: [VRFC 10-311] analyzing module axi_bram_bd_axi_smc_0_sc_util_v1_0_4_counter_491
INFO: [VRFC 10-311] analyzing module axi_bram_bd_axi_smc_0_sc_util_v1_0_4_counter_492
INFO: [VRFC 10-311] analyzing module axi_bram_bd_axi_smc_0_sc_util_v1_0_4_counter_497
INFO: [VRFC 10-311] analyzing module axi_bram_bd_axi_smc_0_sc_util_v1_0_4_counter_498
INFO: [VRFC 10-311] analyzing module axi_bram_bd_axi_smc_0_sc_util_v1_0_4_counter_500
INFO: [VRFC 10-311] analyzing module axi_bram_bd_axi_smc_0_sc_util_v1_0_4_counter_501
INFO: [VRFC 10-311] analyzing module axi_bram_bd_axi_smc_0_sc_util_v1_0_4_counter_7
INFO: [VRFC 10-311] analyzing module axi_bram_bd_axi_smc_0_sc_util_v1_0_4_counter_8
INFO: [VRFC 10-311] analyzing module axi_bram_bd_axi_smc_0_sc_util_v1_0_4_counter__parameterized0
INFO: [VRFC 10-311] analyzing module axi_bram_bd_axi_smc_0_sc_util_v1_0_4_counter__parameterized0_12
INFO: [VRFC 10-311] analyzing module axi_bram_bd_axi_smc_0_sc_util_v1_0_4_counter__parameterized0_19
INFO: [VRFC 10-311] analyzing module axi_bram_bd_axi_smc_0_sc_util_v1_0_4_counter__parameterized0_22
INFO: [VRFC 10-311] analyzing module axi_bram_bd_axi_smc_0_sc_util_v1_0_4_counter__parameterized0_26
INFO: [VRFC 10-311] analyzing module axi_bram_bd_axi_smc_0_sc_util_v1_0_4_counter__parameterized0_29
INFO: [VRFC 10-311] analyzing module axi_bram_bd_axi_smc_0_sc_util_v1_0_4_counter__parameterized0_33
INFO: [VRFC 10-311] analyzing module axi_bram_bd_axi_smc_0_sc_util_v1_0_4_counter__parameterized0_36
INFO: [VRFC 10-311] analyzing module axi_bram_bd_axi_smc_0_sc_util_v1_0_4_counter__parameterized0_419
INFO: [VRFC 10-311] analyzing module axi_bram_bd_axi_smc_0_sc_util_v1_0_4_counter__parameterized0_422
INFO: [VRFC 10-311] analyzing module axi_bram_bd_axi_smc_0_sc_util_v1_0_4_counter__parameterized0_425
INFO: [VRFC 10-311] analyzing module axi_bram_bd_axi_smc_0_sc_util_v1_0_4_counter__parameterized0_428
INFO: [VRFC 10-311] analyzing module axi_bram_bd_axi_smc_0_sc_util_v1_0_4_counter__parameterized0_432
INFO: [VRFC 10-311] analyzing module axi_bram_bd_axi_smc_0_sc_util_v1_0_4_counter__parameterized0_435
INFO: [VRFC 10-311] analyzing module axi_bram_bd_axi_smc_0_sc_util_v1_0_4_counter__parameterized0_440
INFO: [VRFC 10-311] analyzing module axi_bram_bd_axi_smc_0_sc_util_v1_0_4_counter__parameterized0_443
INFO: [VRFC 10-311] analyzing module axi_bram_bd_axi_smc_0_sc_util_v1_0_4_counter__parameterized0_448
INFO: [VRFC 10-311] analyzing module axi_bram_bd_axi_smc_0_sc_util_v1_0_4_counter__parameterized0_451
INFO: [VRFC 10-311] analyzing module axi_bram_bd_axi_smc_0_sc_util_v1_0_4_counter__parameterized0_465
INFO: [VRFC 10-311] analyzing module axi_bram_bd_axi_smc_0_sc_util_v1_0_4_counter__parameterized0_468
INFO: [VRFC 10-311] analyzing module axi_bram_bd_axi_smc_0_sc_util_v1_0_4_counter__parameterized0_473
INFO: [VRFC 10-311] analyzing module axi_bram_bd_axi_smc_0_sc_util_v1_0_4_counter__parameterized0_476
INFO: [VRFC 10-311] analyzing module axi_bram_bd_axi_smc_0_sc_util_v1_0_4_counter__parameterized0_481
INFO: [VRFC 10-311] analyzing module axi_bram_bd_axi_smc_0_sc_util_v1_0_4_counter__parameterized0_484
INFO: [VRFC 10-311] analyzing module axi_bram_bd_axi_smc_0_sc_util_v1_0_4_counter__parameterized0_490
INFO: [VRFC 10-311] analyzing module axi_bram_bd_axi_smc_0_sc_util_v1_0_4_counter__parameterized0_493
INFO: [VRFC 10-311] analyzing module axi_bram_bd_axi_smc_0_sc_util_v1_0_4_counter__parameterized0_499
INFO: [VRFC 10-311] analyzing module axi_bram_bd_axi_smc_0_sc_util_v1_0_4_counter__parameterized0_5
INFO: [VRFC 10-311] analyzing module axi_bram_bd_axi_smc_0_sc_util_v1_0_4_counter__parameterized0_502
INFO: [VRFC 10-311] analyzing module axi_bram_bd_axi_smc_0_sc_util_v1_0_4_counter__parameterized0_9
INFO: [VRFC 10-311] analyzing module axi_bram_bd_axi_smc_0_sc_util_v1_0_4_counter__parameterized2
INFO: [VRFC 10-311] analyzing module axi_bram_bd_axi_smc_0_sc_util_v1_0_4_counter__parameterized2_14
INFO: [VRFC 10-311] analyzing module axi_bram_bd_axi_smc_0_sc_util_v1_0_4_counter__parameterized2_15
INFO: [VRFC 10-311] analyzing module axi_bram_bd_axi_smc_0_sc_util_v1_0_4_counter__parameterized2_6
INFO: [VRFC 10-311] analyzing module axi_bram_bd_axi_smc_0_sc_util_v1_0_4_mux__parameterized0
INFO: [VRFC 10-311] analyzing module axi_bram_bd_axi_smc_0_sc_util_v1_0_4_mux__parameterized1
INFO: [VRFC 10-311] analyzing module axi_bram_bd_axi_smc_0_sc_util_v1_0_4_onehot_to_binary__parameterized0
INFO: [VRFC 10-311] analyzing module axi_bram_bd_axi_smc_0_sc_util_v1_0_4_onehot_to_binary__parameterized0_41
INFO: [VRFC 10-311] analyzing module axi_bram_bd_axi_smc_0_sc_util_v1_0_4_pipeline__parameterized2
INFO: [VRFC 10-311] analyzing module axi_bram_bd_axi_smc_0_sc_util_v1_0_4_pipeline__parameterized2_16
INFO: [VRFC 10-311] analyzing module axi_bram_bd_axi_smc_0_sc_util_v1_0_4_pipeline__parameterized2_416
INFO: [VRFC 10-311] analyzing module axi_bram_bd_axi_smc_0_sc_util_v1_0_4_pipeline__parameterized2_437
INFO: [VRFC 10-311] analyzing module axi_bram_bd_axi_smc_0_sc_util_v1_0_4_pipeline__parameterized2_445
INFO: [VRFC 10-311] analyzing module axi_bram_bd_axi_smc_0_sc_util_v1_0_4_pipeline__parameterized2_462
INFO: [VRFC 10-311] analyzing module axi_bram_bd_axi_smc_0_sc_util_v1_0_4_pipeline__parameterized2_487
INFO: [VRFC 10-311] analyzing module axi_bram_bd_axi_smc_0_sc_util_v1_0_4_pipeline__parameterized2_496
INFO: [VRFC 10-311] analyzing module axi_bram_bd_axi_smc_0_sc_util_v1_0_4_pipeline__parameterized6
INFO: [VRFC 10-311] analyzing module axi_bram_bd_axi_smc_0_sc_util_v1_0_4_pipeline__parameterized7
INFO: [VRFC 10-311] analyzing module axi_bram_bd_axi_smc_0_sc_util_v1_0_4_pipeline__parameterized7_1
INFO: [VRFC 10-311] analyzing module axi_bram_bd_axi_smc_0_sc_util_v1_0_4_pipeline__parameterized8
INFO: [VRFC 10-311] analyzing module axi_bram_bd_axi_smc_0_sc_util_v1_0_4_pipeline__parameterized9
INFO: [VRFC 10-311] analyzing module axi_bram_bd_axi_smc_0_sc_util_v1_0_4_pipeline__parameterized9_0
INFO: [VRFC 10-311] analyzing module axi_bram_bd_axi_smc_0_sc_util_v1_0_4_srl_rtl
INFO: [VRFC 10-311] analyzing module axi_bram_bd_axi_smc_0_sc_util_v1_0_4_srl_rtl_100
INFO: [VRFC 10-311] analyzing module axi_bram_bd_axi_smc_0_sc_util_v1_0_4_srl_rtl_101
INFO: [VRFC 10-311] analyzing module axi_bram_bd_axi_smc_0_sc_util_v1_0_4_srl_rtl_102
INFO: [VRFC 10-311] analyzing module axi_bram_bd_axi_smc_0_sc_util_v1_0_4_srl_rtl_103
INFO: [VRFC 10-311] analyzing module axi_bram_bd_axi_smc_0_sc_util_v1_0_4_srl_rtl_108
INFO: [VRFC 10-311] analyzing module axi_bram_bd_axi_smc_0_sc_util_v1_0_4_srl_rtl_109
INFO: [VRFC 10-311] analyzing module axi_bram_bd_axi_smc_0_sc_util_v1_0_4_srl_rtl_110
INFO: [VRFC 10-311] analyzing module axi_bram_bd_axi_smc_0_sc_util_v1_0_4_srl_rtl_111
INFO: [VRFC 10-311] analyzing module axi_bram_bd_axi_smc_0_sc_util_v1_0_4_srl_rtl_113
INFO: [VRFC 10-311] analyzing module axi_bram_bd_axi_smc_0_sc_util_v1_0_4_srl_rtl_114
INFO: [VRFC 10-311] analyzing module axi_bram_bd_axi_smc_0_sc_util_v1_0_4_srl_rtl_115
INFO: [VRFC 10-311] analyzing module axi_bram_bd_axi_smc_0_sc_util_v1_0_4_srl_rtl_116
INFO: [VRFC 10-311] analyzing module axi_bram_bd_axi_smc_0_sc_util_v1_0_4_srl_rtl_117
INFO: [VRFC 10-311] analyzing module axi_bram_bd_axi_smc_0_sc_util_v1_0_4_srl_rtl_118
INFO: [VRFC 10-311] analyzing module axi_bram_bd_axi_smc_0_sc_util_v1_0_4_srl_rtl_119
INFO: [VRFC 10-311] analyzing module axi_bram_bd_axi_smc_0_sc_util_v1_0_4_srl_rtl_120
INFO: [VRFC 10-311] analyzing module axi_bram_bd_axi_smc_0_sc_util_v1_0_4_srl_rtl_125
INFO: [VRFC 10-311] analyzing module axi_bram_bd_axi_smc_0_sc_util_v1_0_4_srl_rtl_163
INFO: [VRFC 10-311] analyzing module axi_bram_bd_axi_smc_0_sc_util_v1_0_4_srl_rtl_164
INFO: [VRFC 10-311] analyzing module axi_bram_bd_axi_smc_0_sc_util_v1_0_4_srl_rtl_165
INFO: [VRFC 10-311] analyzing module axi_bram_bd_axi_smc_0_sc_util_v1_0_4_srl_rtl_166
INFO: [VRFC 10-311] analyzing module axi_bram_bd_axi_smc_0_sc_util_v1_0_4_srl_rtl_167
INFO: [VRFC 10-311] analyzing module axi_bram_bd_axi_smc_0_sc_util_v1_0_4_srl_rtl_168
INFO: [VRFC 10-311] analyzing module axi_bram_bd_axi_smc_0_sc_util_v1_0_4_srl_rtl_173
INFO: [VRFC 10-311] analyzing module axi_bram_bd_axi_smc_0_sc_util_v1_0_4_srl_rtl_174
INFO: [VRFC 10-311] analyzing module axi_bram_bd_axi_smc_0_sc_util_v1_0_4_srl_rtl_175
INFO: [VRFC 10-311] analyzing module axi_bram_bd_axi_smc_0_sc_util_v1_0_4_srl_rtl_176
INFO: [VRFC 10-311] analyzing module axi_bram_bd_axi_smc_0_sc_util_v1_0_4_srl_rtl_177
INFO: [VRFC 10-311] analyzing module axi_bram_bd_axi_smc_0_sc_util_v1_0_4_srl_rtl_182
INFO: [VRFC 10-311] analyzing module axi_bram_bd_axi_smc_0_sc_util_v1_0_4_srl_rtl_183
INFO: [VRFC 10-311] analyzing module axi_bram_bd_axi_smc_0_sc_util_v1_0_4_srl_rtl_184
INFO: [VRFC 10-311] analyzing module axi_bram_bd_axi_smc_0_sc_util_v1_0_4_srl_rtl_185
INFO: [VRFC 10-311] analyzing module axi_bram_bd_axi_smc_0_sc_util_v1_0_4_srl_rtl_186
INFO: [VRFC 10-311] analyzing module axi_bram_bd_axi_smc_0_sc_util_v1_0_4_srl_rtl_187
INFO: [VRFC 10-311] analyzing module axi_bram_bd_axi_smc_0_sc_util_v1_0_4_srl_rtl_188
INFO: [VRFC 10-311] analyzing module axi_bram_bd_axi_smc_0_sc_util_v1_0_4_srl_rtl_189
INFO: [VRFC 10-311] analyzing module axi_bram_bd_axi_smc_0_sc_util_v1_0_4_srl_rtl_194
INFO: [VRFC 10-311] analyzing module axi_bram_bd_axi_smc_0_sc_util_v1_0_4_srl_rtl_195
INFO: [VRFC 10-311] analyzing module axi_bram_bd_axi_smc_0_sc_util_v1_0_4_srl_rtl_233
INFO: [VRFC 10-311] analyzing module axi_bram_bd_axi_smc_0_sc_util_v1_0_4_srl_rtl_234
INFO: [VRFC 10-311] analyzing module axi_bram_bd_axi_smc_0_sc_util_v1_0_4_srl_rtl_235
INFO: [VRFC 10-311] analyzing module axi_bram_bd_axi_smc_0_sc_util_v1_0_4_srl_rtl_236
INFO: [VRFC 10-311] analyzing module axi_bram_bd_axi_smc_0_sc_util_v1_0_4_srl_rtl_237
INFO: [VRFC 10-311] analyzing module axi_bram_bd_axi_smc_0_sc_util_v1_0_4_srl_rtl_238
INFO: [VRFC 10-311] analyzing module axi_bram_bd_axi_smc_0_sc_util_v1_0_4_srl_rtl_243
INFO: [VRFC 10-311] analyzing module axi_bram_bd_axi_smc_0_sc_util_v1_0_4_srl_rtl_244
INFO: [VRFC 10-311] analyzing module axi_bram_bd_axi_smc_0_sc_util_v1_0_4_srl_rtl_245
INFO: [VRFC 10-311] analyzing module axi_bram_bd_axi_smc_0_sc_util_v1_0_4_srl_rtl_246
INFO: [VRFC 10-311] analyzing module axi_bram_bd_axi_smc_0_sc_util_v1_0_4_srl_rtl_247
INFO: [VRFC 10-311] analyzing module axi_bram_bd_axi_smc_0_sc_util_v1_0_4_srl_rtl_252
INFO: [VRFC 10-311] analyzing module axi_bram_bd_axi_smc_0_sc_util_v1_0_4_srl_rtl_253
INFO: [VRFC 10-311] analyzing module axi_bram_bd_axi_smc_0_sc_util_v1_0_4_srl_rtl_254
INFO: [VRFC 10-311] analyzing module axi_bram_bd_axi_smc_0_sc_util_v1_0_4_srl_rtl_255
INFO: [VRFC 10-311] analyzing module axi_bram_bd_axi_smc_0_sc_util_v1_0_4_srl_rtl_256
INFO: [VRFC 10-311] analyzing module axi_bram_bd_axi_smc_0_sc_util_v1_0_4_srl_rtl_257
INFO: [VRFC 10-311] analyzing module axi_bram_bd_axi_smc_0_sc_util_v1_0_4_srl_rtl_258
INFO: [VRFC 10-311] analyzing module axi_bram_bd_axi_smc_0_sc_util_v1_0_4_srl_rtl_259
INFO: [VRFC 10-311] analyzing module axi_bram_bd_axi_smc_0_sc_util_v1_0_4_srl_rtl_264
INFO: [VRFC 10-311] analyzing module axi_bram_bd_axi_smc_0_sc_util_v1_0_4_srl_rtl_265
INFO: [VRFC 10-311] analyzing module axi_bram_bd_axi_smc_0_sc_util_v1_0_4_srl_rtl_303
INFO: [VRFC 10-311] analyzing module axi_bram_bd_axi_smc_0_sc_util_v1_0_4_srl_rtl_304
INFO: [VRFC 10-311] analyzing module axi_bram_bd_axi_smc_0_sc_util_v1_0_4_srl_rtl_305
INFO: [VRFC 10-311] analyzing module axi_bram_bd_axi_smc_0_sc_util_v1_0_4_srl_rtl_306
INFO: [VRFC 10-311] analyzing module axi_bram_bd_axi_smc_0_sc_util_v1_0_4_srl_rtl_307
INFO: [VRFC 10-311] analyzing module axi_bram_bd_axi_smc_0_sc_util_v1_0_4_srl_rtl_308
INFO: [VRFC 10-311] analyzing module axi_bram_bd_axi_smc_0_sc_util_v1_0_4_srl_rtl_313
INFO: [VRFC 10-311] analyzing module axi_bram_bd_axi_smc_0_sc_util_v1_0_4_srl_rtl_314
INFO: [VRFC 10-311] analyzing module axi_bram_bd_axi_smc_0_sc_util_v1_0_4_srl_rtl_315
INFO: [VRFC 10-311] analyzing module axi_bram_bd_axi_smc_0_sc_util_v1_0_4_srl_rtl_316
INFO: [VRFC 10-311] analyzing module axi_bram_bd_axi_smc_0_sc_util_v1_0_4_srl_rtl_317
INFO: [VRFC 10-311] analyzing module axi_bram_bd_axi_smc_0_sc_util_v1_0_4_srl_rtl_322
INFO: [VRFC 10-311] analyzing module axi_bram_bd_axi_smc_0_sc_util_v1_0_4_srl_rtl_323
INFO: [VRFC 10-311] analyzing module axi_bram_bd_axi_smc_0_sc_util_v1_0_4_srl_rtl_324
INFO: [VRFC 10-311] analyzing module axi_bram_bd_axi_smc_0_sc_util_v1_0_4_srl_rtl_325
INFO: [VRFC 10-311] analyzing module axi_bram_bd_axi_smc_0_sc_util_v1_0_4_srl_rtl_326
INFO: [VRFC 10-311] analyzing module axi_bram_bd_axi_smc_0_sc_util_v1_0_4_srl_rtl_327
INFO: [VRFC 10-311] analyzing module axi_bram_bd_axi_smc_0_sc_util_v1_0_4_srl_rtl_328
INFO: [VRFC 10-311] analyzing module axi_bram_bd_axi_smc_0_sc_util_v1_0_4_srl_rtl_329
INFO: [VRFC 10-311] analyzing module axi_bram_bd_axi_smc_0_sc_util_v1_0_4_srl_rtl_334
INFO: [VRFC 10-311] analyzing module axi_bram_bd_axi_smc_0_sc_util_v1_0_4_srl_rtl_335
INFO: [VRFC 10-311] analyzing module axi_bram_bd_axi_smc_0_sc_util_v1_0_4_srl_rtl_373
INFO: [VRFC 10-311] analyzing module axi_bram_bd_axi_smc_0_sc_util_v1_0_4_srl_rtl_374
INFO: [VRFC 10-311] analyzing module axi_bram_bd_axi_smc_0_sc_util_v1_0_4_srl_rtl_375
INFO: [VRFC 10-311] analyzing module axi_bram_bd_axi_smc_0_sc_util_v1_0_4_srl_rtl_376
INFO: [VRFC 10-311] analyzing module axi_bram_bd_axi_smc_0_sc_util_v1_0_4_srl_rtl_377
INFO: [VRFC 10-311] analyzing module axi_bram_bd_axi_smc_0_sc_util_v1_0_4_srl_rtl_378
INFO: [VRFC 10-311] analyzing module axi_bram_bd_axi_smc_0_sc_util_v1_0_4_srl_rtl_383
INFO: [VRFC 10-311] analyzing module axi_bram_bd_axi_smc_0_sc_util_v1_0_4_srl_rtl_384
INFO: [VRFC 10-311] analyzing module axi_bram_bd_axi_smc_0_sc_util_v1_0_4_srl_rtl_385
INFO: [VRFC 10-311] analyzing module axi_bram_bd_axi_smc_0_sc_util_v1_0_4_srl_rtl_386
INFO: [VRFC 10-311] analyzing module axi_bram_bd_axi_smc_0_sc_util_v1_0_4_srl_rtl_387
INFO: [VRFC 10-311] analyzing module axi_bram_bd_axi_smc_0_sc_util_v1_0_4_srl_rtl_392
INFO: [VRFC 10-311] analyzing module axi_bram_bd_axi_smc_0_sc_util_v1_0_4_srl_rtl_393
INFO: [VRFC 10-311] analyzing module axi_bram_bd_axi_smc_0_sc_util_v1_0_4_srl_rtl_394
INFO: [VRFC 10-311] analyzing module axi_bram_bd_axi_smc_0_sc_util_v1_0_4_srl_rtl_395
INFO: [VRFC 10-311] analyzing module axi_bram_bd_axi_smc_0_sc_util_v1_0_4_srl_rtl_396
INFO: [VRFC 10-311] analyzing module axi_bram_bd_axi_smc_0_sc_util_v1_0_4_srl_rtl_397
INFO: [VRFC 10-311] analyzing module axi_bram_bd_axi_smc_0_sc_util_v1_0_4_srl_rtl_398
INFO: [VRFC 10-311] analyzing module axi_bram_bd_axi_smc_0_sc_util_v1_0_4_srl_rtl_399
INFO: [VRFC 10-311] analyzing module axi_bram_bd_axi_smc_0_sc_util_v1_0_4_srl_rtl_404
INFO: [VRFC 10-311] analyzing module axi_bram_bd_axi_smc_0_sc_util_v1_0_4_srl_rtl_405
INFO: [VRFC 10-311] analyzing module axi_bram_bd_axi_smc_0_sc_util_v1_0_4_srl_rtl_413
INFO: [VRFC 10-311] analyzing module axi_bram_bd_axi_smc_0_sc_util_v1_0_4_srl_rtl_414
INFO: [VRFC 10-311] analyzing module axi_bram_bd_axi_smc_0_sc_util_v1_0_4_srl_rtl_457
INFO: [VRFC 10-311] analyzing module axi_bram_bd_axi_smc_0_sc_util_v1_0_4_srl_rtl_458
INFO: [VRFC 10-311] analyzing module axi_bram_bd_axi_smc_0_sc_util_v1_0_4_srl_rtl_459
INFO: [VRFC 10-311] analyzing module axi_bram_bd_axi_smc_0_sc_util_v1_0_4_srl_rtl_48
INFO: [VRFC 10-311] analyzing module axi_bram_bd_axi_smc_0_sc_util_v1_0_4_srl_rtl_49
INFO: [VRFC 10-311] analyzing module axi_bram_bd_axi_smc_0_sc_util_v1_0_4_srl_rtl_50
INFO: [VRFC 10-311] analyzing module axi_bram_bd_axi_smc_0_sc_util_v1_0_4_srl_rtl_51
INFO: [VRFC 10-311] analyzing module axi_bram_bd_axi_smc_0_sc_util_v1_0_4_srl_rtl_510
INFO: [VRFC 10-311] analyzing module axi_bram_bd_axi_smc_0_sc_util_v1_0_4_srl_rtl_511
INFO: [VRFC 10-311] analyzing module axi_bram_bd_axi_smc_0_sc_util_v1_0_4_srl_rtl_512
INFO: [VRFC 10-311] analyzing module axi_bram_bd_axi_smc_0_sc_util_v1_0_4_srl_rtl_513
INFO: [VRFC 10-311] analyzing module axi_bram_bd_axi_smc_0_sc_util_v1_0_4_srl_rtl_514
INFO: [VRFC 10-311] analyzing module axi_bram_bd_axi_smc_0_sc_util_v1_0_4_srl_rtl_515
INFO: [VRFC 10-311] analyzing module axi_bram_bd_axi_smc_0_sc_util_v1_0_4_srl_rtl_516
INFO: [VRFC 10-311] analyzing module axi_bram_bd_axi_smc_0_sc_util_v1_0_4_srl_rtl_517
INFO: [VRFC 10-311] analyzing module axi_bram_bd_axi_smc_0_sc_util_v1_0_4_srl_rtl_518
INFO: [VRFC 10-311] analyzing module axi_bram_bd_axi_smc_0_sc_util_v1_0_4_srl_rtl_52
INFO: [VRFC 10-311] analyzing module axi_bram_bd_axi_smc_0_sc_util_v1_0_4_srl_rtl_98
INFO: [VRFC 10-311] analyzing module axi_bram_bd_axi_smc_0_sc_util_v1_0_4_srl_rtl_99
INFO: [VRFC 10-311] analyzing module axi_bram_bd_axi_smc_0_sc_util_v1_0_4_srl_rtl__parameterized0
INFO: [VRFC 10-311] analyzing module axi_bram_bd_axi_smc_0_sc_util_v1_0_4_srl_rtl__parameterized0_127
INFO: [VRFC 10-311] analyzing module axi_bram_bd_axi_smc_0_sc_util_v1_0_4_srl_rtl__parameterized0_128
INFO: [VRFC 10-311] analyzing module axi_bram_bd_axi_smc_0_sc_util_v1_0_4_srl_rtl__parameterized0_129
INFO: [VRFC 10-311] analyzing module axi_bram_bd_axi_smc_0_sc_util_v1_0_4_srl_rtl__parameterized0_130
INFO: [VRFC 10-311] analyzing module axi_bram_bd_axi_smc_0_sc_util_v1_0_4_srl_rtl__parameterized0_131
INFO: [VRFC 10-311] analyzing module axi_bram_bd_axi_smc_0_sc_util_v1_0_4_srl_rtl__parameterized0_132
INFO: [VRFC 10-311] analyzing module axi_bram_bd_axi_smc_0_sc_util_v1_0_4_srl_rtl__parameterized0_133
INFO: [VRFC 10-311] analyzing module axi_bram_bd_axi_smc_0_sc_util_v1_0_4_srl_rtl__parameterized0_134
INFO: [VRFC 10-311] analyzing module axi_bram_bd_axi_smc_0_sc_util_v1_0_4_srl_rtl__parameterized0_135
INFO: [VRFC 10-311] analyzing module axi_bram_bd_axi_smc_0_sc_util_v1_0_4_srl_rtl__parameterized0_136
INFO: [VRFC 10-311] analyzing module axi_bram_bd_axi_smc_0_sc_util_v1_0_4_srl_rtl__parameterized0_137
INFO: [VRFC 10-311] analyzing module axi_bram_bd_axi_smc_0_sc_util_v1_0_4_srl_rtl__parameterized0_138
INFO: [VRFC 10-311] analyzing module axi_bram_bd_axi_smc_0_sc_util_v1_0_4_srl_rtl__parameterized0_139
INFO: [VRFC 10-311] analyzing module axi_bram_bd_axi_smc_0_sc_util_v1_0_4_srl_rtl__parameterized0_140
INFO: [VRFC 10-311] analyzing module axi_bram_bd_axi_smc_0_sc_util_v1_0_4_srl_rtl__parameterized0_141
INFO: [VRFC 10-311] analyzing module axi_bram_bd_axi_smc_0_sc_util_v1_0_4_srl_rtl__parameterized0_142
INFO: [VRFC 10-311] analyzing module axi_bram_bd_axi_smc_0_sc_util_v1_0_4_srl_rtl__parameterized0_143
INFO: [VRFC 10-311] analyzing module axi_bram_bd_axi_smc_0_sc_util_v1_0_4_srl_rtl__parameterized0_144
INFO: [VRFC 10-311] analyzing module axi_bram_bd_axi_smc_0_sc_util_v1_0_4_srl_rtl__parameterized0_145
INFO: [VRFC 10-311] analyzing module axi_bram_bd_axi_smc_0_sc_util_v1_0_4_srl_rtl__parameterized0_146
INFO: [VRFC 10-311] analyzing module axi_bram_bd_axi_smc_0_sc_util_v1_0_4_srl_rtl__parameterized0_147
INFO: [VRFC 10-311] analyzing module axi_bram_bd_axi_smc_0_sc_util_v1_0_4_srl_rtl__parameterized0_148
INFO: [VRFC 10-311] analyzing module axi_bram_bd_axi_smc_0_sc_util_v1_0_4_srl_rtl__parameterized0_149
INFO: [VRFC 10-311] analyzing module axi_bram_bd_axi_smc_0_sc_util_v1_0_4_srl_rtl__parameterized0_150
INFO: [VRFC 10-311] analyzing module axi_bram_bd_axi_smc_0_sc_util_v1_0_4_srl_rtl__parameterized0_151
INFO: [VRFC 10-311] analyzing module axi_bram_bd_axi_smc_0_sc_util_v1_0_4_srl_rtl__parameterized0_152
INFO: [VRFC 10-311] analyzing module axi_bram_bd_axi_smc_0_sc_util_v1_0_4_srl_rtl__parameterized0_153
INFO: [VRFC 10-311] analyzing module axi_bram_bd_axi_smc_0_sc_util_v1_0_4_srl_rtl__parameterized0_154
INFO: [VRFC 10-311] analyzing module axi_bram_bd_axi_smc_0_sc_util_v1_0_4_srl_rtl__parameterized0_155
INFO: [VRFC 10-311] analyzing module axi_bram_bd_axi_smc_0_sc_util_v1_0_4_srl_rtl__parameterized0_156
INFO: [VRFC 10-311] analyzing module axi_bram_bd_axi_smc_0_sc_util_v1_0_4_srl_rtl__parameterized0_157
INFO: [VRFC 10-311] analyzing module axi_bram_bd_axi_smc_0_sc_util_v1_0_4_srl_rtl__parameterized0_158
INFO: [VRFC 10-311] analyzing module axi_bram_bd_axi_smc_0_sc_util_v1_0_4_srl_rtl__parameterized0_159
INFO: [VRFC 10-311] analyzing module axi_bram_bd_axi_smc_0_sc_util_v1_0_4_srl_rtl__parameterized0_160
INFO: [VRFC 10-311] analyzing module axi_bram_bd_axi_smc_0_sc_util_v1_0_4_srl_rtl__parameterized0_161
INFO: [VRFC 10-311] analyzing module axi_bram_bd_axi_smc_0_sc_util_v1_0_4_srl_rtl__parameterized0_162
INFO: [VRFC 10-311] analyzing module axi_bram_bd_axi_smc_0_sc_util_v1_0_4_srl_rtl__parameterized0_197
INFO: [VRFC 10-311] analyzing module axi_bram_bd_axi_smc_0_sc_util_v1_0_4_srl_rtl__parameterized0_198
INFO: [VRFC 10-311] analyzing module axi_bram_bd_axi_smc_0_sc_util_v1_0_4_srl_rtl__parameterized0_199
INFO: [VRFC 10-311] analyzing module axi_bram_bd_axi_smc_0_sc_util_v1_0_4_srl_rtl__parameterized0_200
INFO: [VRFC 10-311] analyzing module axi_bram_bd_axi_smc_0_sc_util_v1_0_4_srl_rtl__parameterized0_201
INFO: [VRFC 10-311] analyzing module axi_bram_bd_axi_smc_0_sc_util_v1_0_4_srl_rtl__parameterized0_202
INFO: [VRFC 10-311] analyzing module axi_bram_bd_axi_smc_0_sc_util_v1_0_4_srl_rtl__parameterized0_203
INFO: [VRFC 10-311] analyzing module axi_bram_bd_axi_smc_0_sc_util_v1_0_4_srl_rtl__parameterized0_204
INFO: [VRFC 10-311] analyzing module axi_bram_bd_axi_smc_0_sc_util_v1_0_4_srl_rtl__parameterized0_205
INFO: [VRFC 10-311] analyzing module axi_bram_bd_axi_smc_0_sc_util_v1_0_4_srl_rtl__parameterized0_206
INFO: [VRFC 10-311] analyzing module axi_bram_bd_axi_smc_0_sc_util_v1_0_4_srl_rtl__parameterized0_207
INFO: [VRFC 10-311] analyzing module axi_bram_bd_axi_smc_0_sc_util_v1_0_4_srl_rtl__parameterized0_208
INFO: [VRFC 10-311] analyzing module axi_bram_bd_axi_smc_0_sc_util_v1_0_4_srl_rtl__parameterized0_209
INFO: [VRFC 10-311] analyzing module axi_bram_bd_axi_smc_0_sc_util_v1_0_4_srl_rtl__parameterized0_210
INFO: [VRFC 10-311] analyzing module axi_bram_bd_axi_smc_0_sc_util_v1_0_4_srl_rtl__parameterized0_211
INFO: [VRFC 10-311] analyzing module axi_bram_bd_axi_smc_0_sc_util_v1_0_4_srl_rtl__parameterized0_212
INFO: [VRFC 10-311] analyzing module axi_bram_bd_axi_smc_0_sc_util_v1_0_4_srl_rtl__parameterized0_213
INFO: [VRFC 10-311] analyzing module axi_bram_bd_axi_smc_0_sc_util_v1_0_4_srl_rtl__parameterized0_214
INFO: [VRFC 10-311] analyzing module axi_bram_bd_axi_smc_0_sc_util_v1_0_4_srl_rtl__parameterized0_215
INFO: [VRFC 10-311] analyzing module axi_bram_bd_axi_smc_0_sc_util_v1_0_4_srl_rtl__parameterized0_216
INFO: [VRFC 10-311] analyzing module axi_bram_bd_axi_smc_0_sc_util_v1_0_4_srl_rtl__parameterized0_217
INFO: [VRFC 10-311] analyzing module axi_bram_bd_axi_smc_0_sc_util_v1_0_4_srl_rtl__parameterized0_218
INFO: [VRFC 10-311] analyzing module axi_bram_bd_axi_smc_0_sc_util_v1_0_4_srl_rtl__parameterized0_219
INFO: [VRFC 10-311] analyzing module axi_bram_bd_axi_smc_0_sc_util_v1_0_4_srl_rtl__parameterized0_220
INFO: [VRFC 10-311] analyzing module axi_bram_bd_axi_smc_0_sc_util_v1_0_4_srl_rtl__parameterized0_221
INFO: [VRFC 10-311] analyzing module axi_bram_bd_axi_smc_0_sc_util_v1_0_4_srl_rtl__parameterized0_222
INFO: [VRFC 10-311] analyzing module axi_bram_bd_axi_smc_0_sc_util_v1_0_4_srl_rtl__parameterized0_223
INFO: [VRFC 10-311] analyzing module axi_bram_bd_axi_smc_0_sc_util_v1_0_4_srl_rtl__parameterized0_224
INFO: [VRFC 10-311] analyzing module axi_bram_bd_axi_smc_0_sc_util_v1_0_4_srl_rtl__parameterized0_225
INFO: [VRFC 10-311] analyzing module axi_bram_bd_axi_smc_0_sc_util_v1_0_4_srl_rtl__parameterized0_226
INFO: [VRFC 10-311] analyzing module axi_bram_bd_axi_smc_0_sc_util_v1_0_4_srl_rtl__parameterized0_227
INFO: [VRFC 10-311] analyzing module axi_bram_bd_axi_smc_0_sc_util_v1_0_4_srl_rtl__parameterized0_228
INFO: [VRFC 10-311] analyzing module axi_bram_bd_axi_smc_0_sc_util_v1_0_4_srl_rtl__parameterized0_229
INFO: [VRFC 10-311] analyzing module axi_bram_bd_axi_smc_0_sc_util_v1_0_4_srl_rtl__parameterized0_230
INFO: [VRFC 10-311] analyzing module axi_bram_bd_axi_smc_0_sc_util_v1_0_4_srl_rtl__parameterized0_231
INFO: [VRFC 10-311] analyzing module axi_bram_bd_axi_smc_0_sc_util_v1_0_4_srl_rtl__parameterized0_232
INFO: [VRFC 10-311] analyzing module axi_bram_bd_axi_smc_0_sc_util_v1_0_4_srl_rtl__parameterized0_267
INFO: [VRFC 10-311] analyzing module axi_bram_bd_axi_smc_0_sc_util_v1_0_4_srl_rtl__parameterized0_268
INFO: [VRFC 10-311] analyzing module axi_bram_bd_axi_smc_0_sc_util_v1_0_4_srl_rtl__parameterized0_269
INFO: [VRFC 10-311] analyzing module axi_bram_bd_axi_smc_0_sc_util_v1_0_4_srl_rtl__parameterized0_270
INFO: [VRFC 10-311] analyzing module axi_bram_bd_axi_smc_0_sc_util_v1_0_4_srl_rtl__parameterized0_271
INFO: [VRFC 10-311] analyzing module axi_bram_bd_axi_smc_0_sc_util_v1_0_4_srl_rtl__parameterized0_272
INFO: [VRFC 10-311] analyzing module axi_bram_bd_axi_smc_0_sc_util_v1_0_4_srl_rtl__parameterized0_273
INFO: [VRFC 10-311] analyzing module axi_bram_bd_axi_smc_0_sc_util_v1_0_4_srl_rtl__parameterized0_274
INFO: [VRFC 10-311] analyzing module axi_bram_bd_axi_smc_0_sc_util_v1_0_4_srl_rtl__parameterized0_275
INFO: [VRFC 10-311] analyzing module axi_bram_bd_axi_smc_0_sc_util_v1_0_4_srl_rtl__parameterized0_276
INFO: [VRFC 10-311] analyzing module axi_bram_bd_axi_smc_0_sc_util_v1_0_4_srl_rtl__parameterized0_277
INFO: [VRFC 10-311] analyzing module axi_bram_bd_axi_smc_0_sc_util_v1_0_4_srl_rtl__parameterized0_278
INFO: [VRFC 10-311] analyzing module axi_bram_bd_axi_smc_0_sc_util_v1_0_4_srl_rtl__parameterized0_279
INFO: [VRFC 10-311] analyzing module axi_bram_bd_axi_smc_0_sc_util_v1_0_4_srl_rtl__parameterized0_280
INFO: [VRFC 10-311] analyzing module axi_bram_bd_axi_smc_0_sc_util_v1_0_4_srl_rtl__parameterized0_281
INFO: [VRFC 10-311] analyzing module axi_bram_bd_axi_smc_0_sc_util_v1_0_4_srl_rtl__parameterized0_282
INFO: [VRFC 10-311] analyzing module axi_bram_bd_axi_smc_0_sc_util_v1_0_4_srl_rtl__parameterized0_283
INFO: [VRFC 10-311] analyzing module axi_bram_bd_axi_smc_0_sc_util_v1_0_4_srl_rtl__parameterized0_284
INFO: [VRFC 10-311] analyzing module axi_bram_bd_axi_smc_0_sc_util_v1_0_4_srl_rtl__parameterized0_285
INFO: [VRFC 10-311] analyzing module axi_bram_bd_axi_smc_0_sc_util_v1_0_4_srl_rtl__parameterized0_286
INFO: [VRFC 10-311] analyzing module axi_bram_bd_axi_smc_0_sc_util_v1_0_4_srl_rtl__parameterized0_287
INFO: [VRFC 10-311] analyzing module axi_bram_bd_axi_smc_0_sc_util_v1_0_4_srl_rtl__parameterized0_288
INFO: [VRFC 10-311] analyzing module axi_bram_bd_axi_smc_0_sc_util_v1_0_4_srl_rtl__parameterized0_289
INFO: [VRFC 10-311] analyzing module axi_bram_bd_axi_smc_0_sc_util_v1_0_4_srl_rtl__parameterized0_290
INFO: [VRFC 10-311] analyzing module axi_bram_bd_axi_smc_0_sc_util_v1_0_4_srl_rtl__parameterized0_291
INFO: [VRFC 10-311] analyzing module axi_bram_bd_axi_smc_0_sc_util_v1_0_4_srl_rtl__parameterized0_292
INFO: [VRFC 10-311] analyzing module axi_bram_bd_axi_smc_0_sc_util_v1_0_4_srl_rtl__parameterized0_293
INFO: [VRFC 10-311] analyzing module axi_bram_bd_axi_smc_0_sc_util_v1_0_4_srl_rtl__parameterized0_294
INFO: [VRFC 10-311] analyzing module axi_bram_bd_axi_smc_0_sc_util_v1_0_4_srl_rtl__parameterized0_295
INFO: [VRFC 10-311] analyzing module axi_bram_bd_axi_smc_0_sc_util_v1_0_4_srl_rtl__parameterized0_296
INFO: [VRFC 10-311] analyzing module axi_bram_bd_axi_smc_0_sc_util_v1_0_4_srl_rtl__parameterized0_297
INFO: [VRFC 10-311] analyzing module axi_bram_bd_axi_smc_0_sc_util_v1_0_4_srl_rtl__parameterized0_298
INFO: [VRFC 10-311] analyzing module axi_bram_bd_axi_smc_0_sc_util_v1_0_4_srl_rtl__parameterized0_299
INFO: [VRFC 10-311] analyzing module axi_bram_bd_axi_smc_0_sc_util_v1_0_4_srl_rtl__parameterized0_300
INFO: [VRFC 10-311] analyzing module axi_bram_bd_axi_smc_0_sc_util_v1_0_4_srl_rtl__parameterized0_301
INFO: [VRFC 10-311] analyzing module axi_bram_bd_axi_smc_0_sc_util_v1_0_4_srl_rtl__parameterized0_302
INFO: [VRFC 10-311] analyzing module axi_bram_bd_axi_smc_0_sc_util_v1_0_4_srl_rtl__parameterized0_337
INFO: [VRFC 10-311] analyzing module axi_bram_bd_axi_smc_0_sc_util_v1_0_4_srl_rtl__parameterized0_338
INFO: [VRFC 10-311] analyzing module axi_bram_bd_axi_smc_0_sc_util_v1_0_4_srl_rtl__parameterized0_339
INFO: [VRFC 10-311] analyzing module axi_bram_bd_axi_smc_0_sc_util_v1_0_4_srl_rtl__parameterized0_340
INFO: [VRFC 10-311] analyzing module axi_bram_bd_axi_smc_0_sc_util_v1_0_4_srl_rtl__parameterized0_341
INFO: [VRFC 10-311] analyzing module axi_bram_bd_axi_smc_0_sc_util_v1_0_4_srl_rtl__parameterized0_342
INFO: [VRFC 10-311] analyzing module axi_bram_bd_axi_smc_0_sc_util_v1_0_4_srl_rtl__parameterized0_343
INFO: [VRFC 10-311] analyzing module axi_bram_bd_axi_smc_0_sc_util_v1_0_4_srl_rtl__parameterized0_344
INFO: [VRFC 10-311] analyzing module axi_bram_bd_axi_smc_0_sc_util_v1_0_4_srl_rtl__parameterized0_345
INFO: [VRFC 10-311] analyzing module axi_bram_bd_axi_smc_0_sc_util_v1_0_4_srl_rtl__parameterized0_346
INFO: [VRFC 10-311] analyzing module axi_bram_bd_axi_smc_0_sc_util_v1_0_4_srl_rtl__parameterized0_347
INFO: [VRFC 10-311] analyzing module axi_bram_bd_axi_smc_0_sc_util_v1_0_4_srl_rtl__parameterized0_348
INFO: [VRFC 10-311] analyzing module axi_bram_bd_axi_smc_0_sc_util_v1_0_4_srl_rtl__parameterized0_349
INFO: [VRFC 10-311] analyzing module axi_bram_bd_axi_smc_0_sc_util_v1_0_4_srl_rtl__parameterized0_350
INFO: [VRFC 10-311] analyzing module axi_bram_bd_axi_smc_0_sc_util_v1_0_4_srl_rtl__parameterized0_351
INFO: [VRFC 10-311] analyzing module axi_bram_bd_axi_smc_0_sc_util_v1_0_4_srl_rtl__parameterized0_352
INFO: [VRFC 10-311] analyzing module axi_bram_bd_axi_smc_0_sc_util_v1_0_4_srl_rtl__parameterized0_353
INFO: [VRFC 10-311] analyzing module axi_bram_bd_axi_smc_0_sc_util_v1_0_4_srl_rtl__parameterized0_354
INFO: [VRFC 10-311] analyzing module axi_bram_bd_axi_smc_0_sc_util_v1_0_4_srl_rtl__parameterized0_355
INFO: [VRFC 10-311] analyzing module axi_bram_bd_axi_smc_0_sc_util_v1_0_4_srl_rtl__parameterized0_356
INFO: [VRFC 10-311] analyzing module axi_bram_bd_axi_smc_0_sc_util_v1_0_4_srl_rtl__parameterized0_357
INFO: [VRFC 10-311] analyzing module axi_bram_bd_axi_smc_0_sc_util_v1_0_4_srl_rtl__parameterized0_358
INFO: [VRFC 10-311] analyzing module axi_bram_bd_axi_smc_0_sc_util_v1_0_4_srl_rtl__parameterized0_359
INFO: [VRFC 10-311] analyzing module axi_bram_bd_axi_smc_0_sc_util_v1_0_4_srl_rtl__parameterized0_360
INFO: [VRFC 10-311] analyzing module axi_bram_bd_axi_smc_0_sc_util_v1_0_4_srl_rtl__parameterized0_361
INFO: [VRFC 10-311] analyzing module axi_bram_bd_axi_smc_0_sc_util_v1_0_4_srl_rtl__parameterized0_362
INFO: [VRFC 10-311] analyzing module axi_bram_bd_axi_smc_0_sc_util_v1_0_4_srl_rtl__parameterized0_363
INFO: [VRFC 10-311] analyzing module axi_bram_bd_axi_smc_0_sc_util_v1_0_4_srl_rtl__parameterized0_364
INFO: [VRFC 10-311] analyzing module axi_bram_bd_axi_smc_0_sc_util_v1_0_4_srl_rtl__parameterized0_365
INFO: [VRFC 10-311] analyzing module axi_bram_bd_axi_smc_0_sc_util_v1_0_4_srl_rtl__parameterized0_366
INFO: [VRFC 10-311] analyzing module axi_bram_bd_axi_smc_0_sc_util_v1_0_4_srl_rtl__parameterized0_367
INFO: [VRFC 10-311] analyzing module axi_bram_bd_axi_smc_0_sc_util_v1_0_4_srl_rtl__parameterized0_368
INFO: [VRFC 10-311] analyzing module axi_bram_bd_axi_smc_0_sc_util_v1_0_4_srl_rtl__parameterized0_369
INFO: [VRFC 10-311] analyzing module axi_bram_bd_axi_smc_0_sc_util_v1_0_4_srl_rtl__parameterized0_370
INFO: [VRFC 10-311] analyzing module axi_bram_bd_axi_smc_0_sc_util_v1_0_4_srl_rtl__parameterized0_371
INFO: [VRFC 10-311] analyzing module axi_bram_bd_axi_smc_0_sc_util_v1_0_4_srl_rtl__parameterized0_372
INFO: [VRFC 10-311] analyzing module axi_bram_bd_axi_smc_0_sc_util_v1_0_4_srl_rtl__parameterized0_61
INFO: [VRFC 10-311] analyzing module axi_bram_bd_axi_smc_0_sc_util_v1_0_4_srl_rtl__parameterized0_62
INFO: [VRFC 10-311] analyzing module axi_bram_bd_axi_smc_0_sc_util_v1_0_4_srl_rtl__parameterized0_63
INFO: [VRFC 10-311] analyzing module axi_bram_bd_axi_smc_0_sc_util_v1_0_4_srl_rtl__parameterized0_64
INFO: [VRFC 10-311] analyzing module axi_bram_bd_axi_smc_0_sc_util_v1_0_4_srl_rtl__parameterized0_65
INFO: [VRFC 10-311] analyzing module axi_bram_bd_axi_smc_0_sc_util_v1_0_4_srl_rtl__parameterized0_66
INFO: [VRFC 10-311] analyzing module axi_bram_bd_axi_smc_0_sc_util_v1_0_4_srl_rtl__parameterized0_67
INFO: [VRFC 10-311] analyzing module axi_bram_bd_axi_smc_0_sc_util_v1_0_4_srl_rtl__parameterized0_68
INFO: [VRFC 10-311] analyzing module axi_bram_bd_axi_smc_0_sc_util_v1_0_4_srl_rtl__parameterized0_69
INFO: [VRFC 10-311] analyzing module axi_bram_bd_axi_smc_0_sc_util_v1_0_4_srl_rtl__parameterized0_70
INFO: [VRFC 10-311] analyzing module axi_bram_bd_axi_smc_0_sc_util_v1_0_4_srl_rtl__parameterized0_71
INFO: [VRFC 10-311] analyzing module axi_bram_bd_axi_smc_0_sc_util_v1_0_4_srl_rtl__parameterized0_72
INFO: [VRFC 10-311] analyzing module axi_bram_bd_axi_smc_0_sc_util_v1_0_4_srl_rtl__parameterized0_73
INFO: [VRFC 10-311] analyzing module axi_bram_bd_axi_smc_0_sc_util_v1_0_4_srl_rtl__parameterized0_74
INFO: [VRFC 10-311] analyzing module axi_bram_bd_axi_smc_0_sc_util_v1_0_4_srl_rtl__parameterized0_75
INFO: [VRFC 10-311] analyzing module axi_bram_bd_axi_smc_0_sc_util_v1_0_4_srl_rtl__parameterized0_76
INFO: [VRFC 10-311] analyzing module axi_bram_bd_axi_smc_0_sc_util_v1_0_4_srl_rtl__parameterized0_77
INFO: [VRFC 10-311] analyzing module axi_bram_bd_axi_smc_0_sc_util_v1_0_4_srl_rtl__parameterized0_78
INFO: [VRFC 10-311] analyzing module axi_bram_bd_axi_smc_0_sc_util_v1_0_4_srl_rtl__parameterized0_79
INFO: [VRFC 10-311] analyzing module axi_bram_bd_axi_smc_0_sc_util_v1_0_4_srl_rtl__parameterized0_80
INFO: [VRFC 10-311] analyzing module axi_bram_bd_axi_smc_0_sc_util_v1_0_4_srl_rtl__parameterized0_81
INFO: [VRFC 10-311] analyzing module axi_bram_bd_axi_smc_0_sc_util_v1_0_4_srl_rtl__parameterized0_82
INFO: [VRFC 10-311] analyzing module axi_bram_bd_axi_smc_0_sc_util_v1_0_4_srl_rtl__parameterized0_83
INFO: [VRFC 10-311] analyzing module axi_bram_bd_axi_smc_0_sc_util_v1_0_4_srl_rtl__parameterized0_84
INFO: [VRFC 10-311] analyzing module axi_bram_bd_axi_smc_0_sc_util_v1_0_4_srl_rtl__parameterized0_85
INFO: [VRFC 10-311] analyzing module axi_bram_bd_axi_smc_0_sc_util_v1_0_4_srl_rtl__parameterized0_86
INFO: [VRFC 10-311] analyzing module axi_bram_bd_axi_smc_0_sc_util_v1_0_4_srl_rtl__parameterized0_87
INFO: [VRFC 10-311] analyzing module axi_bram_bd_axi_smc_0_sc_util_v1_0_4_srl_rtl__parameterized0_88
INFO: [VRFC 10-311] analyzing module axi_bram_bd_axi_smc_0_sc_util_v1_0_4_srl_rtl__parameterized0_89
INFO: [VRFC 10-311] analyzing module axi_bram_bd_axi_smc_0_sc_util_v1_0_4_srl_rtl__parameterized0_90
INFO: [VRFC 10-311] analyzing module axi_bram_bd_axi_smc_0_sc_util_v1_0_4_srl_rtl__parameterized0_91
INFO: [VRFC 10-311] analyzing module axi_bram_bd_axi_smc_0_sc_util_v1_0_4_srl_rtl__parameterized0_92
INFO: [VRFC 10-311] analyzing module axi_bram_bd_axi_smc_0_sc_util_v1_0_4_srl_rtl__parameterized0_93
INFO: [VRFC 10-311] analyzing module axi_bram_bd_axi_smc_0_sc_util_v1_0_4_srl_rtl__parameterized0_94
INFO: [VRFC 10-311] analyzing module axi_bram_bd_axi_smc_0_sc_util_v1_0_4_srl_rtl__parameterized0_95
INFO: [VRFC 10-311] analyzing module axi_bram_bd_axi_smc_0_sc_util_v1_0_4_srl_rtl__parameterized0_96
INFO: [VRFC 10-311] analyzing module axi_bram_bd_axi_smc_0_sc_util_v1_0_4_srl_rtl__parameterized0_97
INFO: [VRFC 10-311] analyzing module axi_bram_bd_axi_smc_0_sc_util_v1_0_4_srl_rtl__parameterized1
INFO: [VRFC 10-311] analyzing module axi_bram_bd_axi_smc_0_sc_util_v1_0_4_srl_rtl__parameterized1_38
INFO: [VRFC 10-311] analyzing module axi_bram_bd_axi_smc_0_sc_util_v1_0_4_srl_rtl__parameterized1_39
INFO: [VRFC 10-311] analyzing module axi_bram_bd_axi_smc_0_sc_util_v1_0_4_srl_rtl__parameterized1_40
INFO: [VRFC 10-311] analyzing module axi_bram_bd_axi_smc_0_sc_util_v1_0_4_srl_rtl__parameterized1_44
INFO: [VRFC 10-311] analyzing module axi_bram_bd_axi_smc_0_sc_util_v1_0_4_srl_rtl__parameterized1_45
INFO: [VRFC 10-311] analyzing module axi_bram_bd_axi_smc_0_sc_util_v1_0_4_srl_rtl__parameterized1_46
INFO: [VRFC 10-311] analyzing module axi_bram_bd_axi_smc_0_sc_util_v1_0_4_srl_rtl__parameterized1_47
INFO: [VRFC 10-311] analyzing module axi_bram_bd_axi_smc_0_sc_util_v1_0_4_xpm_memory_fifo
INFO: [VRFC 10-311] analyzing module axi_bram_bd_axi_smc_0_sc_util_v1_0_4_xpm_memory_fifo__parameterized0
INFO: [VRFC 10-311] analyzing module axi_bram_bd_axi_smc_0_sc_util_v1_0_4_xpm_memory_fifo__parameterized0__xdcDup__1
INFO: [VRFC 10-311] analyzing module axi_bram_bd_axi_smc_0_sc_util_v1_0_4_xpm_memory_fifo__parameterized0__xdcDup__2
INFO: [VRFC 10-311] analyzing module axi_bram_bd_axi_smc_0_sc_util_v1_0_4_xpm_memory_fifo__parameterized0__xdcDup__3
INFO: [VRFC 10-311] analyzing module axi_bram_bd_axi_smc_0_sc_util_v1_0_4_xpm_memory_fifo__parameterized1
INFO: [VRFC 10-311] analyzing module axi_bram_bd_axi_smc_0_sc_util_v1_0_4_xpm_memory_fifo__parameterized1__xdcDup__1
INFO: [VRFC 10-311] analyzing module axi_bram_bd_axi_smc_0_sc_util_v1_0_4_xpm_memory_fifo__parameterized1__xdcDup__2
INFO: [VRFC 10-311] analyzing module axi_bram_bd_axi_smc_0_sc_util_v1_0_4_xpm_memory_fifo__parameterized1__xdcDup__3
INFO: [VRFC 10-311] analyzing module axi_bram_bd_axi_smc_0_sc_util_v1_0_4_xpm_memory_fifo__parameterized2
INFO: [VRFC 10-311] analyzing module axi_bram_bd_axi_smc_0_sc_util_v1_0_4_xpm_memory_fifo__parameterized2__xdcDup__1
INFO: [VRFC 10-311] analyzing module axi_bram_bd_axi_smc_0_sc_util_v1_0_4_xpm_memory_fifo__parameterized3
INFO: [VRFC 10-311] analyzing module axi_bram_bd_axi_smc_0_sc_util_v1_0_4_xpm_memory_fifo__parameterized3__xdcDup__1
INFO: [VRFC 10-311] analyzing module axi_bram_bd_axi_smc_0_sc_util_v1_0_4_xpm_memory_fifo__parameterized3__xdcDup__2
INFO: [VRFC 10-311] analyzing module axi_bram_bd_axi_smc_0_sc_util_v1_0_4_xpm_memory_fifo__parameterized4
INFO: [VRFC 10-311] analyzing module axi_bram_bd_axi_smc_0_sc_util_v1_0_4_xpm_memory_fifo__parameterized4__xdcDup__1
INFO: [VRFC 10-311] analyzing module axi_bram_bd_axi_smc_0_sc_util_v1_0_4_xpm_memory_fifo__parameterized4__xdcDup__2
INFO: [VRFC 10-311] analyzing module axi_bram_bd_axi_smc_0_sc_util_v1_0_4_xpm_memory_fifo__parameterized5
INFO: [VRFC 10-311] analyzing module axi_bram_bd_axi_smc_0_sc_util_v1_0_4_xpm_memory_fifo__parameterized5__xdcDup__1
INFO: [VRFC 10-311] analyzing module axi_bram_bd_axi_smc_0_sc_util_v1_0_4_xpm_memory_fifo__parameterized5__xdcDup__2
INFO: [VRFC 10-311] analyzing module axi_bram_bd_axi_smc_0_sc_util_v1_0_4_xpm_memory_fifo__parameterized6
INFO: [VRFC 10-311] analyzing module axi_bram_bd_axi_smc_0_sc_util_v1_0_4_xpm_memory_fifo__parameterized6__xdcDup__1
INFO: [VRFC 10-311] analyzing module axi_bram_bd_axi_smc_0_sc_util_v1_0_4_xpm_memory_fifo__parameterized7
INFO: [VRFC 10-311] analyzing module axi_bram_bd_axi_smc_0_sc_util_v1_0_4_xpm_memory_fifo__xdcDup__1
INFO: [VRFC 10-311] analyzing module axi_bram_bd_axi_smc_0_sc_util_v1_0_4_xpm_memory_fifo__xdcDup__2
INFO: [VRFC 10-311] analyzing module axi_bram_bd_axi_smc_0_sc_util_v1_0_4_xpm_memory_fifo__xdcDup__3
INFO: [VRFC 10-311] analyzing module axi_bram_bd_axi_smc_0_sc_util_v1_0_4_xpm_memory_fifo__xdcDup__4
INFO: [VRFC 10-311] analyzing module axi_bram_bd_axi_smc_0_sc_util_v1_0_4_xpm_memory_fifo__xdcDup__5
INFO: [VRFC 10-311] analyzing module axi_bram_bd_axi_smc_0_sc_util_v1_0_4_xpm_memory_fifo__xdcDup__6
INFO: [VRFC 10-311] analyzing module axi_bram_bd_axi_smc_0_sc_util_v1_0_4_xpm_memory_fifo__xdcDup__7
INFO: [VRFC 10-311] analyzing module axi_bram_bd_blk_mem_gen_0_0_blk_mem_gen_generic_cstr
INFO: [VRFC 10-311] analyzing module axi_bram_bd_blk_mem_gen_0_0_blk_mem_gen_prim_width
INFO: [VRFC 10-311] analyzing module axi_bram_bd_blk_mem_gen_0_0_blk_mem_gen_prim_width__parameterized0
INFO: [VRFC 10-311] analyzing module axi_bram_bd_blk_mem_gen_0_0_blk_mem_gen_prim_wrapper
INFO: [VRFC 10-311] analyzing module axi_bram_bd_blk_mem_gen_0_0_blk_mem_gen_prim_wrapper__parameterized0
INFO: [VRFC 10-311] analyzing module axi_bram_bd_blk_mem_gen_0_0_blk_mem_gen_top
INFO: [VRFC 10-311] analyzing module axi_bram_bd_blk_mem_gen_0_0_blk_mem_gen_v8_4_5
INFO: [VRFC 10-311] analyzing module axi_bram_bd_blk_mem_gen_0_0_blk_mem_gen_v8_4_5_synth
INFO: [VRFC 10-311] analyzing module glbl
