Time resolution is 1 ps
t=0 ns | run=0 busy=x done=x | enb=x web=x | addrb=xxxxxxxx (word=X) din=xxxxxxxx | mem_at_addr=xxxxxxxx
t=5000 ns | run=0 busy=0 done=0 | enb=0 web=0 | addrb=00000000 (word=0) din=00000000 | mem_at_addr=00000000

=== Clean run: expect writes to addrb 0x0,0x4,0x8,... and din 0,1,2,... ===
t=65000 ns | run=1 busy=0 done=0 | enb=0 web=0 | addrb=00000000 (word=0) din=00000000 | mem_at_addr=00000000
t=75000 ns | run=1 busy=1 done=0 | enb=1 web=f | addrb=00000000 (word=0) din=00000000 | mem_at_addr=00000000
WRITE @t=85000 ns : addrb=00000000 (word=0) <= din=00000000
t=85000 ns | run=1 busy=1 done=0 | enb=1 web=f | addrb=00000004 (word=1) din=00000001 | mem_at_addr=00000000
WRITE @t=95000 ns : addrb=00000004 (word=1) <= din=00000001
t=95000 ns | run=1 busy=1 done=0 | enb=1 web=f | addrb=00000008 (word=2) din=00000002 | mem_at_addr=00000000
WRITE @t=105000 ns : addrb=00000008 (word=2) <= din=00000002
t=105000 ns | run=1 busy=1 done=0 | enb=1 web=f | addrb=0000000c (word=3) din=00000003 | mem_at_addr=00000000
WRITE @t=115000 ns : addrb=0000000c (word=3) <= din=00000003
t=115000 ns | run=1 busy=1 done=0 | enb=1 web=f | addrb=00000010 (word=4) din=00000004 | mem_at_addr=00000000
WRITE @t=125000 ns : addrb=00000010 (word=4) <= din=00000004
t=125000 ns | run=1 busy=1 done=0 | enb=1 web=f | addrb=00000014 (word=5) din=00000005 | mem_at_addr=00000000
WRITE @t=135000 ns : addrb=00000014 (word=5) <= din=00000005
t=135000 ns | run=1 busy=1 done=0 | enb=1 web=f | addrb=00000018 (word=6) din=00000006 | mem_at_addr=00000000
WRITE @t=145000 ns : addrb=00000018 (word=6) <= din=00000006
t=145000 ns | run=1 busy=1 done=0 | enb=1 web=f | addrb=0000001c (word=7) din=00000007 | mem_at_addr=00000000
WRITE @t=155000 ns : addrb=0000001c (word=7) <= din=00000007
t=155000 ns | run=1 busy=1 done=0 | enb=1 web=f | addrb=00000020 (word=8) din=00000008 | mem_at_addr=00000000
WRITE @t=165000 ns : addrb=00000020 (word=8) <= din=00000008
t=165000 ns | run=1 busy=1 done=0 | enb=1 web=f | addrb=00000024 (word=9) din=00000009 | mem_at_addr=00000000
WRITE @t=175000 ns : addrb=00000024 (word=9) <= din=00000009
t=175000 ns | run=1 busy=1 done=0 | enb=1 web=f | addrb=00000028 (word=10) din=0000000a | mem_at_addr=00000000
WRITE @t=185000 ns : addrb=00000028 (word=10) <= din=0000000a
t=185000 ns | run=1 busy=1 done=0 | enb=1 web=f | addrb=0000002c (word=11) din=0000000b | mem_at_addr=00000000
WRITE @t=195000 ns : addrb=0000002c (word=11) <= din=0000000b
t=195000 ns | run=1 busy=1 done=0 | enb=1 web=f | addrb=00000030 (word=12) din=0000000c | mem_at_addr=00000000
WRITE @t=205000 ns : addrb=00000030 (word=12) <= din=0000000c
t=205000 ns | run=1 busy=1 done=0 | enb=1 web=f | addrb=00000034 (word=13) din=0000000d | mem_at_addr=00000000
WRITE @t=215000 ns : addrb=00000034 (word=13) <= din=0000000d
t=215000 ns | run=1 busy=1 done=0 | enb=1 web=f | addrb=00000038 (word=14) din=0000000e | mem_at_addr=00000000
WRITE @t=225000 ns : addrb=00000038 (word=14) <= din=0000000e
t=225000 ns | run=1 busy=1 done=0 | enb=1 web=f | addrb=0000003c (word=15) din=0000000f | mem_at_addr=00000000
WRITE @t=235000 ns : addrb=0000003c (word=15) <= din=0000000f
t=235000 ns | run=1 busy=1 done=0 | enb=1 web=f | addrb=00000040 (word=16) din=00000010 | mem_at_addr=00000000
WRITE @t=245000 ns : addrb=00000040 (word=16) <= din=00000010
t=245000 ns | run=1 busy=1 done=0 | enb=1 web=f | addrb=00000044 (word=17) din=00000011 | mem_at_addr=00000000
WRITE @t=255000 ns : addrb=00000044 (word=17) <= din=00000011
t=255000 ns | run=1 busy=1 done=0 | enb=1 web=f | addrb=00000048 (word=18) din=00000012 | mem_at_addr=00000000
WRITE @t=265000 ns : addrb=00000048 (word=18) <= din=00000012
t=265000 ns | run=1 busy=1 done=0 | enb=1 web=f | addrb=0000004c (word=19) din=00000013 | mem_at_addr=00000000
WRITE @t=275000 ns : addrb=0000004c (word=19) <= din=00000013
t=275000 ns | run=1 busy=1 done=0 | enb=1 web=f | addrb=00000050 (word=20) din=00000014 | mem_at_addr=00000000
WRITE @t=285000 ns : addrb=00000050 (word=20) <= din=00000014
t=285000 ns | run=1 busy=1 done=0 | enb=1 web=f | addrb=00000054 (word=21) din=00000015 | mem_at_addr=00000000
WRITE @t=295000 ns : addrb=00000054 (word=21) <= din=00000015
t=295000 ns | run=1 busy=1 done=0 | enb=1 web=f | addrb=00000058 (word=22) din=00000016 | mem_at_addr=00000000
WRITE @t=305000 ns : addrb=00000058 (word=22) <= din=00000016
t=305000 ns | run=1 busy=1 done=0 | enb=1 web=f | addrb=0000005c (word=23) din=00000017 | mem_at_addr=00000000
WRITE @t=315000 ns : addrb=0000005c (word=23) <= din=00000017
t=315000 ns | run=1 busy=1 done=0 | enb=1 web=f | addrb=00000060 (word=24) din=00000018 | mem_at_addr=00000000
WRITE @t=325000 ns : addrb=00000060 (word=24) <= din=00000018
t=325000 ns | run=1 busy=1 done=0 | enb=1 web=f | addrb=00000064 (word=25) din=00000019 | mem_at_addr=00000000
WRITE @t=335000 ns : addrb=00000064 (word=25) <= din=00000019
t=335000 ns | run=1 busy=1 done=0 | enb=1 web=f | addrb=00000068 (word=26) din=0000001a | mem_at_addr=00000000
WRITE @t=345000 ns : addrb=00000068 (word=26) <= din=0000001a
t=345000 ns | run=1 busy=1 done=0 | enb=1 web=f | addrb=0000006c (word=27) din=0000001b | mem_at_addr=00000000
WRITE @t=355000 ns : addrb=0000006c (word=27) <= din=0000001b
t=355000 ns | run=1 busy=1 done=0 | enb=1 web=f | addrb=00000070 (word=28) din=0000001c | mem_at_addr=00000000
WRITE @t=365000 ns : addrb=00000070 (word=28) <= din=0000001c
t=365000 ns | run=1 busy=1 done=0 | enb=1 web=f | addrb=00000074 (word=29) din=0000001d | mem_at_addr=00000000
WRITE @t=375000 ns : addrb=00000074 (word=29) <= din=0000001d
t=375000 ns | run=1 busy=1 done=0 | enb=1 web=f | addrb=00000078 (word=30) din=0000001e | mem_at_addr=00000000
WRITE @t=385000 ns : addrb=00000078 (word=30) <= din=0000001e
t=385000 ns | run=1 busy=1 done=0 | enb=1 web=f | addrb=0000007c (word=31) din=0000001f | mem_at_addr=00000000
WRITE @t=395000 ns : addrb=0000007c (word=31) <= din=0000001f
t=395000 ns | run=1 busy=0 done=1 | enb=0 web=0 | addrb=0000007c (word=31) din=0000001f | mem_at_addr=0000001f
t=405000 ns | run=0 busy=0 done=1 | enb=0 web=0 | addrb=0000007c (word=31) din=0000001f | mem_at_addr=0000001f
t=415000 ns | run=0 busy=0 done=0 | enb=0 web=0 | addrb=0000007c (word=31) din=0000001f | mem_at_addr=0000001f

=== Partial run (10 cycles), then stop ===
t=445000 ns | run=1 busy=0 done=0 | enb=0 web=0 | addrb=0000007c (word=31) din=0000001f | mem_at_addr=0000001f
t=455000 ns | run=1 busy=1 done=0 | enb=1 web=f | addrb=00000000 (word=0) din=00000000 | mem_at_addr=00000000
WRITE @t=465000 ns : addrb=00000000 (word=0) <= din=00000000
t=465000 ns | run=1 busy=1 done=0 | enb=1 web=f | addrb=00000004 (word=1) din=00000001 | mem_at_addr=00000001
WRITE @t=475000 ns : addrb=00000004 (word=1) <= din=00000001
t=475000 ns | run=1 busy=1 done=0 | enb=1 web=f | addrb=00000008 (word=2) din=00000002 | mem_at_addr=00000002
WRITE @t=485000 ns : addrb=00000008 (word=2) <= din=00000002
t=485000 ns | run=1 busy=1 done=0 | enb=1 web=f | addrb=0000000c (word=3) din=00000003 | mem_at_addr=00000003
WRITE @t=495000 ns : addrb=0000000c (word=3) <= din=00000003
t=495000 ns | run=1 busy=1 done=0 | enb=1 web=f | addrb=00000010 (word=4) din=00000004 | mem_at_addr=00000004
WRITE @t=505000 ns : addrb=00000010 (word=4) <= din=00000004
t=505000 ns | run=1 busy=1 done=0 | enb=1 web=f | addrb=00000014 (word=5) din=00000005 | mem_at_addr=00000005
WRITE @t=515000 ns : addrb=00000014 (word=5) <= din=00000005
t=515000 ns | run=1 busy=1 done=0 | enb=1 web=f | addrb=00000018 (word=6) din=00000006 | mem_at_addr=00000006
WRITE @t=525000 ns : addrb=00000018 (word=6) <= din=00000006
t=525000 ns | run=1 busy=1 done=0 | enb=1 web=f | addrb=0000001c (word=7) din=00000007 | mem_at_addr=00000007
WRITE @t=535000 ns : addrb=0000001c (word=7) <= din=00000007
t=535000 ns | run=1 busy=1 done=0 | enb=1 web=f | addrb=00000020 (word=8) din=00000008 | mem_at_addr=00000008
WRITE @t=545000 ns : addrb=00000020 (word=8) <= din=00000008
t=545000 ns | run=0 busy=0 done=0 | enb=0 web=0 | addrb=00000020 (word=8) din=00000008 | mem_at_addr=00000008

=== Restart run: should restart from 0 again (because run was low) ===
t=585000 ns | run=1 busy=0 done=0 | enb=0 web=0 | addrb=00000020 (word=8) din=00000008 | mem_at_addr=00000008
t=595000 ns | run=1 busy=1 done=0 | enb=1 web=f | addrb=00000000 (word=0) din=00000000 | mem_at_addr=00000000
WRITE @t=605000 ns : addrb=00000000 (word=0) <= din=00000000
t=605000 ns | run=1 busy=1 done=0 | enb=1 web=f | addrb=00000004 (word=1) din=00000001 | mem_at_addr=00000001
WRITE @t=615000 ns : addrb=00000004 (word=1) <= din=00000001
t=615000 ns | run=1 busy=1 done=0 | enb=1 web=f | addrb=00000008 (word=2) din=00000002 | mem_at_addr=00000002
WRITE @t=625000 ns : addrb=00000008 (word=2) <= din=00000002
t=625000 ns | run=1 busy=1 done=0 | enb=1 web=f | addrb=0000000c (word=3) din=00000003 | mem_at_addr=00000003
WRITE @t=635000 ns : addrb=0000000c (word=3) <= din=00000003
t=635000 ns | run=1 busy=1 done=0 | enb=1 web=f | addrb=00000010 (word=4) din=00000004 | mem_at_addr=00000004
WRITE @t=645000 ns : addrb=00000010 (word=4) <= din=00000004
t=645000 ns | run=1 busy=1 done=0 | enb=1 web=f | addrb=00000014 (word=5) din=00000005 | mem_at_addr=00000005
WRITE @t=655000 ns : addrb=00000014 (word=5) <= din=00000005
t=655000 ns | run=1 busy=1 done=0 | enb=1 web=f | addrb=00000018 (word=6) din=00000006 | mem_at_addr=00000006
WRITE @t=665000 ns : addrb=00000018 (word=6) <= din=00000006
t=665000 ns | run=1 busy=1 done=0 | enb=1 web=f | addrb=0000001c (word=7) din=00000007 | mem_at_addr=00000007
WRITE @t=675000 ns : addrb=0000001c (word=7) <= din=00000007
t=675000 ns | run=1 busy=1 done=0 | enb=1 web=f | addrb=00000020 (word=8) din=00000008 | mem_at_addr=00000008
WRITE @t=685000 ns : addrb=00000020 (word=8) <= din=00000008
t=685000 ns | run=1 busy=1 done=0 | enb=1 web=f | addrb=00000024 (word=9) din=00000009 | mem_at_addr=00000009
WRITE @t=695000 ns : addrb=00000024 (word=9) <= din=00000009
t=695000 ns | run=1 busy=1 done=0 | enb=1 web=f | addrb=00000028 (word=10) din=0000000a | mem_at_addr=0000000a
WRITE @t=705000 ns : addrb=00000028 (word=10) <= din=0000000a
t=705000 ns | run=1 busy=1 done=0 | enb=1 web=f | addrb=0000002c (word=11) din=0000000b | mem_at_addr=0000000b
WRITE @t=715000 ns : addrb=0000002c (word=11) <= din=0000000b
t=715000 ns | run=1 busy=1 done=0 | enb=1 web=f | addrb=00000030 (word=12) din=0000000c | mem_at_addr=0000000c
WRITE @t=725000 ns : addrb=00000030 (word=12) <= din=0000000c
t=725000 ns | run=1 busy=1 done=0 | enb=1 web=f | addrb=00000034 (word=13) din=0000000d | mem_at_addr=0000000d
WRITE @t=735000 ns : addrb=00000034 (word=13) <= din=0000000d
t=735000 ns | run=1 busy=1 done=0 | enb=1 web=f | addrb=00000038 (word=14) din=0000000e | mem_at_addr=0000000e
WRITE @t=745000 ns : addrb=00000038 (word=14) <= din=0000000e
t=745000 ns | run=1 busy=1 done=0 | enb=1 web=f | addrb=0000003c (word=15) din=0000000f | mem_at_addr=0000000f
WRITE @t=755000 ns : addrb=0000003c (word=15) <= din=0000000f
t=755000 ns | run=1 busy=1 done=0 | enb=1 web=f | addrb=00000040 (word=16) din=00000010 | mem_at_addr=00000010
WRITE @t=765000 ns : addrb=00000040 (word=16) <= din=00000010
t=765000 ns | run=1 busy=1 done=0 | enb=1 web=f | addrb=00000044 (word=17) din=00000011 | mem_at_addr=00000011
WRITE @t=775000 ns : addrb=00000044 (word=17) <= din=00000011
t=775000 ns | run=1 busy=1 done=0 | enb=1 web=f | addrb=00000048 (word=18) din=00000012 | mem_at_addr=00000012
WRITE @t=785000 ns : addrb=00000048 (word=18) <= din=00000012
t=785000 ns | run=1 busy=1 done=0 | enb=1 web=f | addrb=0000004c (word=19) din=00000013 | mem_at_addr=00000013
WRITE @t=795000 ns : addrb=0000004c (word=19) <= din=00000013
t=795000 ns | run=1 busy=1 done=0 | enb=1 web=f | addrb=00000050 (word=20) din=00000014 | mem_at_addr=00000014
WRITE @t=805000 ns : addrb=00000050 (word=20) <= din=00000014
t=805000 ns | run=1 busy=1 done=0 | enb=1 web=f | addrb=00000054 (word=21) din=00000015 | mem_at_addr=00000015
WRITE @t=815000 ns : addrb=00000054 (word=21) <= din=00000015
t=815000 ns | run=1 busy=1 done=0 | enb=1 web=f | addrb=00000058 (word=22) din=00000016 | mem_at_addr=00000016
WRITE @t=825000 ns : addrb=00000058 (word=22) <= din=00000016
t=825000 ns | run=1 busy=1 done=0 | enb=1 web=f | addrb=0000005c (word=23) din=00000017 | mem_at_addr=00000017
WRITE @t=835000 ns : addrb=0000005c (word=23) <= din=00000017
t=835000 ns | run=1 busy=1 done=0 | enb=1 web=f | addrb=00000060 (word=24) din=00000018 | mem_at_addr=00000018
WRITE @t=845000 ns : addrb=00000060 (word=24) <= din=00000018
t=845000 ns | run=1 busy=1 done=0 | enb=1 web=f | addrb=00000064 (word=25) din=00000019 | mem_at_addr=00000019
WRITE @t=855000 ns : addrb=00000064 (word=25) <= din=00000019
t=855000 ns | run=1 busy=1 done=0 | enb=1 web=f | addrb=00000068 (word=26) din=0000001a | mem_at_addr=0000001a
WRITE @t=865000 ns : addrb=00000068 (word=26) <= din=0000001a
t=865000 ns | run=1 busy=1 done=0 | enb=1 web=f | addrb=0000006c (word=27) din=0000001b | mem_at_addr=0000001b
WRITE @t=875000 ns : addrb=0000006c (word=27) <= din=0000001b
t=875000 ns | run=1 busy=1 done=0 | enb=1 web=f | addrb=00000070 (word=28) din=0000001c | mem_at_addr=0000001c
WRITE @t=885000 ns : addrb=00000070 (word=28) <= din=0000001c
t=885000 ns | run=1 busy=1 done=0 | enb=1 web=f | addrb=00000074 (word=29) din=0000001d | mem_at_addr=0000001d
WRITE @t=895000 ns : addrb=00000074 (word=29) <= din=0000001d
t=895000 ns | run=1 busy=1 done=0 | enb=1 web=f | addrb=00000078 (word=30) din=0000001e | mem_at_addr=0000001e
WRITE @t=905000 ns : addrb=00000078 (word=30) <= din=0000001e
t=905000 ns | run=1 busy=1 done=0 | enb=1 web=f | addrb=0000007c (word=31) din=0000001f | mem_at_addr=0000001f
WRITE @t=915000 ns : addrb=0000007c (word=31) <= din=0000001f
t=915000 ns | run=1 busy=0 done=1 | enb=0 web=0 | addrb=0000007c (word=31) din=0000001f | mem_at_addr=0000001f
t=925000 ns | run=0 busy=0 done=1 | enb=0 web=0 | addrb=0000007c (word=31) din=0000001f | mem_at_addr=0000001f
t=935000 ns | run=0 busy=0 done=0 | enb=0 web=0 | addrb=0000007c (word=31) din=0000001f | mem_at_addr=0000001f

=== Memory dump (first 16 words) ===
mem[0] = 00000000
mem[1] = 00000001
mem[2] = 00000002
mem[3] = 00000003
mem[4] = 00000004
mem[5] = 00000005
mem[6] = 00000006
mem[7] = 00000007
mem[8] = 00000008
mem[9] = 00000009
mem[10] = 0000000a
mem[11] = 0000000b
mem[12] = 0000000c
mem[13] = 0000000d
mem[14] = 0000000e
mem[15] = 0000000f
$finish called at time : 1025 ns : File "C:/Users/thoch/fpga/lab3_new/lab3_new.srcs/sim_1/imports/lab_12_fpga-3/bram_writer_tb.v" Line 136
